Using pre-set license
Built from '2022.3/staging' branch; Version is '2022.3.4f1 (35713cd46cd7) revision 3502396'; Using compiler version '192829333'; Build Type 'Release'
OS: 'Windows 11  (10.0.22631) 64bit Professional' Language: 'ru' Physical Memory: 15571 MB
BatchMode: 1, IsHumanControllingUs: 0, StartBugReporterOnCrash: 0, Is64bit: 1, IsPro: 1

COMMAND LINE ARGUMENTS:
C:\Program Files\Unity\Hub\Editor\2022.3.4f1\Editor\Unity.exe
-adb2
-batchMode
-noUpm
-name
AssetImportWorker10
-projectPath
C:/Users/MrRent.ru/Desktop/repository/Game-420-NTO/NTO420
-logFile
Logs/AssetImportWorker10.log
-srvPort
51996
Successfully changed project path to: C:/Users/MrRent.ru/Desktop/repository/Game-420-NTO/NTO420
C:/Users/MrRent.ru/Desktop/repository/Game-420-NTO/NTO420
[UnityMemory] Configuration Parameters - Can be set up in boot.config
    "memorysetup-bucket-allocator-granularity=16"
    "memorysetup-bucket-allocator-bucket-count=8"
    "memorysetup-bucket-allocator-block-size=33554432"
    "memorysetup-bucket-allocator-block-count=8"
    "memorysetup-main-allocator-block-size=16777216"
    "memorysetup-thread-allocator-block-size=16777216"
    "memorysetup-gfx-main-allocator-block-size=16777216"
    "memorysetup-gfx-thread-allocator-block-size=16777216"
    "memorysetup-cache-allocator-block-size=4194304"
    "memorysetup-typetree-allocator-block-size=2097152"
    "memorysetup-profiler-bucket-allocator-granularity=16"
    "memorysetup-profiler-bucket-allocator-bucket-count=8"
    "memorysetup-profiler-bucket-allocator-block-size=33554432"
    "memorysetup-profiler-bucket-allocator-block-count=8"
    "memorysetup-profiler-allocator-block-size=16777216"
    "memorysetup-profiler-editor-allocator-block-size=1048576"
    "memorysetup-temp-allocator-size-main=16777216"
    "memorysetup-job-temp-allocator-block-size=2097152"
    "memorysetup-job-temp-allocator-block-size-background=1048576"
    "memorysetup-job-temp-allocator-reduction-small-platforms=262144"
    "memorysetup-allocator-temp-initial-block-size-main=262144"
    "memorysetup-allocator-temp-initial-block-size-worker=262144"
    "memorysetup-temp-allocator-size-background-worker=32768"
    "memorysetup-temp-allocator-size-job-worker=262144"
    "memorysetup-temp-allocator-size-preload-manager=33554432"
    "memorysetup-temp-allocator-size-nav-mesh-worker=65536"
    "memorysetup-temp-allocator-size-audio-worker=65536"
    "memorysetup-temp-allocator-size-cloud-worker=32768"
    "memorysetup-temp-allocator-size-gi-baking-worker=262144"
    "memorysetup-temp-allocator-size-gfx=262144"
Player connection [10084] Host "[IP] 172.19.166.26 [Port] 0 [Flags] 2 [Guid] 1982420038 [EditorId] 1982420038 [Version] 1048832 [Id] WindowsEditor(7,DESKTOP-8PBHM89) [Debug] 1 [PackageName] WindowsEditor [ProjectName] Editor" joined multi-casting on [225.0.0.222:54997]...

Player connection [10084] Host "[IP] 172.19.166.26 [Port] 0 [Flags] 2 [Guid] 1982420038 [EditorId] 1982420038 [Version] 1048832 [Id] WindowsEditor(7,DESKTOP-8PBHM89) [Debug] 1 [PackageName] WindowsEditor [ProjectName] Editor" joined alternative multi-casting on [225.0.0.222:34997]...

Refreshing native plugins compatible for Editor in 5.54 ms, found 3 plugins.
Preloading 0 native plugins for Editor in 0.00 ms.
Initialize engine version: 2022.3.4f1 (35713cd46cd7)
[Subsystems] Discovering subsystems at path C:/Program Files/Unity/Hub/Editor/2022.3.4f1/Editor/Data/Resources/UnitySubsystems
[Subsystems] Discovering subsystems at path C:/Users/MrRent.ru/Desktop/repository/Game-420-NTO/NTO420/Assets
GfxDevice: creating device client; threaded=0; jobified=0
Direct3D:
    Version:  Direct3D 11.0 [level 11.1]
    Renderer: NVIDIA GeForce RTX 4050 Laptop GPU (ID=0x28a1)
    Vendor:   NVIDIA
    VRAM:     5921 MB
    Driver:   32.0.15.6614
Initialize mono
Mono path[0] = 'C:/Program Files/Unity/Hub/Editor/2022.3.4f1/Editor/Data/Managed'
Mono path[1] = 'C:/Program Files/Unity/Hub/Editor/2022.3.4f1/Editor/Data/MonoBleedingEdge/lib/mono/unityjit-win32'
Mono config path = 'C:/Program Files/Unity/Hub/Editor/2022.3.4f1/Editor/Data/MonoBleedingEdge/etc'
Using monoOptions --debugger-agent=transport=dt_socket,embedding=1,server=y,suspend=n,address=127.0.0.1:56080
Begin MonoManager ReloadAssembly
Registering precompiled unity dll's ...
Register platform support module: C:/Program Files/Unity/Hub/Editor/2022.3.4f1/Editor/Data/PlaybackEngines/AndroidPlayer/UnityEditor.Android.Extensions.dll
Register platform support module: C:/Program Files/Unity/Hub/Editor/2022.3.4f1/Editor/Data/PlaybackEngines/WindowsStandaloneSupport/UnityEditor.WindowsStandalone.Extensions.dll
Registered in 0.005079 seconds.
- Loaded All Assemblies, in  0.246 seconds
Native extension for WindowsStandalone target not found
Native extension for Android target not found
Android Extension - Scanning For ADB Devices 225 ms
Mono: successfully reloaded assembly
- Finished resetting the current domain, in  0.464 seconds
Domain Reload Profiling: 710ms
	BeginReloadAssembly (64ms)
		ExecutionOrderSort (0ms)
		DisableScriptedObjects (0ms)
		BackupInstance (0ms)
		ReleaseScriptingObjects (0ms)
		CreateAndSetChildDomain (1ms)
	RebuildCommonClasses (25ms)
	RebuildNativeTypeToScriptingClass (7ms)
	initialDomainReloadingComplete (43ms)
	LoadAllAssembliesAndSetupDomain (107ms)
		LoadAssemblies (63ms)
		RebuildTransferFunctionScriptingTraits (0ms)
		AnalyzeDomain (103ms)
			TypeCache.Refresh (102ms)
				TypeCache.ScanAssembly (93ms)
			ScanForSourceGeneratedMonoScriptInfo (0ms)
			ResolveRequiredComponents (0ms)
	FinalizeReload (465ms)
		ReleaseScriptCaches (0ms)
		RebuildScriptCaches (0ms)
		SetupLoadedEditorAssemblies (421ms)
			LogAssemblyErrors (0ms)
			InitializePlatformSupportModulesInManaged (308ms)
			SetLoadedEditorAssemblies (3ms)
			RefreshPlugins (0ms)
			BeforeProcessingInitializeOnLoad (2ms)
			ProcessInitializeOnLoadAttributes (73ms)
			ProcessInitializeOnLoadMethodAttributes (35ms)
			AfterProcessingInitializeOnLoad (0ms)
			EditorAssembliesLoaded (0ms)
		ExecutionOrderSort2 (0ms)
		AwakeInstancesAfterBackupRestoration (0ms)
========================================================================
Worker process is ready to serve import requests
Begin MonoManager ReloadAssembly
Symbol file LoadedFromMemory doesn't match image C:\Users\MrRent.ru\Desktop\repository\Game-420-NTO\NTO420\Library\PackageCache\com.unity.visualscripting@1.8.0\Editor\VisualScripting.Core\Dependencies\YamlDotNet\Unity.VisualScripting.YamlDotNet.dll
Symbol file LoadedFromMemory doesn't match image C:\Users\MrRent.ru\Desktop\repository\Game-420-NTO\NTO420\Library\PackageCache\com.unity.visualscripting@1.8.0\Editor\VisualScripting.Core\Dependencies\DotNetZip\Unity.VisualScripting.IonicZip.dll
- Loaded All Assemblies, in  0.681 seconds
Refreshing native plugins compatible for Editor in 2.09 ms, found 3 plugins.
Native extension for WindowsStandalone target not found
Native extension for Android target not found
System.Exception: Error! Visual Scripting: couldn't find visual scripting package
  at Unity.VisualScripting.PackageVersionUtility.get_version () [0x00043] in .\Library\PackageCache\com.unity.visualscripting@1.8.0\Editor\VisualScripting.Core\Utilities\PackageVersionUtility.cs:31 
  at Unity.VisualScripting.BoltCoreManifest.get_version () [0x00000] in .\Library\PackageCache\com.unity.visualscripting@1.8.0\Editor\VisualScripting.Core\Plugin\BoltCoreManifest.cs:11 
  at Unity.VisualScripting.PluginManifest.get_currentVersion () [0x00000] in .\Library\PackageCache\com.unity.visualscripting@1.8.0\Editor\VisualScripting.Core\Plugins\PluginManifest.cs:33 
  at Unity.VisualScripting.PluginManifest.get_versionMismatch () [0x00000] in .\Library\PackageCache\com.unity.visualscripting@1.8.0\Editor\VisualScripting.Core\Plugins\PluginManifest.cs:48 
  at Unity.VisualScripting.PluginContainer.Initialize () [0x00525] in .\Library\PackageCache\com.unity.visualscripting@1.8.0\Editor\VisualScripting.Core\Plugins\PluginContainer.cs:208 
  at Unity.VisualScripting.PluginContainer.InitializeOnLoad () [0x00009] in .\Library\PackageCache\com.unity.visualscripting@1.8.0\Editor\VisualScripting.Core\Plugins\PluginContainer.cs:32 
  at Unity.VisualScripting.VSUsageUtility.DoInitializeOnLoadCalls () [0x00034] in .\Library\PackageCache\com.unity.visualscripting@1.8.0\Editor\VisualScripting.Core\Utilities\VSUsageUtility.cs:76 
  at Unity.VisualScripting.VSUsageUtility.set_isVisualScriptingUsed (System.Boolean value) [0x0002c] in .\Library\PackageCache\com.unity.visualscripting@1.8.0\Editor\VisualScripting.Core\Utilities\VSUsageUtility.cs:114 
  at Unity.VisualScripting.VSUsageUtility.CheckAndSetIsVisualScriptingUsed () [0x00032] in .\Library\PackageCache\com.unity.visualscripting@1.8.0\Editor\VisualScripting.Core\Utilities\VSUsageUtility.cs:48 
  at Unity.VisualScripting.VSUsageUtility..cctor () [0x00000] in .\Library\PackageCache\com.unity.visualscripting@1.8.0\Editor\VisualScripting.Core\Utilities\VSUsageUtility.cs:22 
UnityEngine.StackTraceUtility:ExtractStackTrace ()
UnityEngine.DebugLogHandler:LogFormat (UnityEngine.LogType,UnityEngine.Object,string,object[])
UnityEngine.Logger:Log (UnityEngine.LogType,object)
UnityEngine.Debug:LogError (object)
UnityEditor.EditorAssemblies:ProcessInitializeOnLoadAttributes (System.Type[])

Package Manager log level set to [2]
[Package Manager] Server::EnsureServerProcessIsRunning -- launch failed, reason: Unity was launched with the -noUpm command-line argument
[Package Manager] UpmClient::Send -- Unable to send message (not connected to UPM process).
[Package Manager] Cannot connect to Unity Package Manager local server
Mono: successfully reloaded assembly
- Finished resetting the current domain, in  1.014 seconds
Domain Reload Profiling: 1693ms
	BeginReloadAssembly (96ms)
		ExecutionOrderSort (0ms)
		DisableScriptedObjects (4ms)
		BackupInstance (0ms)
		ReleaseScriptingObjects (0ms)
		CreateAndSetChildDomain (19ms)
	RebuildCommonClasses (25ms)
	RebuildNativeTypeToScriptingClass (7ms)
	initialDomainReloadingComplete (32ms)
	LoadAllAssembliesAndSetupDomain (520ms)
		LoadAssemblies (211ms)
		RebuildTransferFunctionScriptingTraits (0ms)
		AnalyzeDomain (352ms)
			TypeCache.Refresh (326ms)
				TypeCache.ScanAssembly (310ms)
			ScanForSourceGeneratedMonoScriptInfo (21ms)
			ResolveRequiredComponents (4ms)
	FinalizeReload (1014ms)
		ReleaseScriptCaches (0ms)
		RebuildScriptCaches (0ms)
		SetupLoadedEditorAssemblies (848ms)
			LogAssemblyErrors (0ms)
			InitializePlatformSupportModulesInManaged (21ms)
			SetLoadedEditorAssemblies (4ms)
			RefreshPlugins (0ms)
			BeforeProcessingInitializeOnLoad (64ms)
			ProcessInitializeOnLoadAttributes (700ms)
			ProcessInitializeOnLoadMethodAttributes (55ms)
			AfterProcessingInitializeOnLoad (4ms)
			EditorAssembliesLoaded (0ms)
		ExecutionOrderSort2 (0ms)
		AwakeInstancesAfterBackupRestoration (4ms)
Launched and connected shader compiler UnityShaderCompiler.exe after 0.08 seconds
Refreshing native plugins compatible for Editor in 3.97 ms, found 3 plugins.
Preloading 0 native plugins for Editor in 0.00 ms.
Unloading 4654 Unused Serialized files (Serialized files now loaded: 0)
Unloading 61 unused Assets / (1.6 MB). Loaded Objects now: 5132.
Memory consumption went from 187.2 MB to 185.6 MB.
Total: 16.091500 ms (FindLiveObjects: 0.462300 ms CreateObjectMapping: 0.250600 ms MarkObjects: 14.992600 ms  DeleteObjects: 0.385200 ms)

AssetImportParameters requested are different than current active one (requested -> active):
  custom:container-demuxer-ogg: 62fdf1f143b41e24485cea50d1cbac27 -> 
  custom:video-codec-MediaFoundation-h265: 746d11721c4dcdbdad8f713fa42b33f4 -> 
  custom:video-decoder-ogg-theora: a1e56fd34408186e4bbccfd4996cb3dc -> 
  custom:framework-win-MediaFoundation: 216162199b28c13a410421893ffa2e32 -> 
  custom:CustomObjectIndexerAttribute: 756ad292c208cfabdd7b50bc23989ffe -> 
  custom:container-demuxer-webm: 4f35f7cbe854078d1ac9338744f61a02 -> 
  custom:container-muxer-webm: aa71ff27fc2769a1b78a27578f13a17b -> 
  custom:video-decoder-webm-vp8: 9c59270c3fd7afecdb556c50c9e8de78 -> 
  custom:SearchIndexIgnoredProperties: e643bd26f0fe6173181afceb89e7c659 -> 
  custom:AudioImporter_EditorPlatform: d09bf68614088b80899f8185d706f6e7 -> 
  custom:video-encoder-webm-vp8: eb34c28f22e8b96e1ab97ce403110664 -> 
  custom:audio-decoder-ogg-vorbis: bf7c407c2cedff20999df2af8eb42d56 -> 
  custom:audio-encoder-webm-vorbis: bf7c407c2cedff20999df2af8eb42d56 -> 
========================================================================
Received Import Request.
  Time since last request: 7152.139218 seconds.
  path: Assets/UnityAssets/ScifiOfficeLite/Meshes/Textures/Environment/Chair set/Chair Set _Normal.png
  artifactKey: Guid(c301906483663cb45ba11e415d7faaba) Importer(815301076,1909f56bfc062723c751e8b465ee728b)
Start importing Assets/UnityAssets/ScifiOfficeLite/Meshes/Textures/Environment/Chair set/Chair Set _Normal.png using Guid(c301906483663cb45ba11e415d7faaba) Importer(815301076,1909f56bfc062723c751e8b465ee728b)  -> (artifact id: '3bf6c01606a221ebe8194a1a6ef695c6') in 0.077995 seconds
Number of updated asset objects reloaded before import = 0
Number of asset objects unloaded after import = 2
========================================================================
Received Import Request.
  Time since last request: 0.000028 seconds.
  path: Assets/UnityAssets/ScifiOfficeLite/Meshes/Textures/Environment/Ground/Concrete Floor/Concrete Floor Polished Height.tif
  artifactKey: Guid(08ca04d11de0b984ba12a9b9e7b460d7) Importer(815301076,1909f56bfc062723c751e8b465ee728b)
Start importing Assets/UnityAssets/ScifiOfficeLite/Meshes/Textures/Environment/Ground/Concrete Floor/Concrete Floor Polished Height.tif using Guid(08ca04d11de0b984ba12a9b9e7b460d7) Importer(815301076,1909f56bfc062723c751e8b465ee728b)  -> (artifact id: '785155566de3ce96f90290dc90bb01e8') in 0.021953 seconds
Number of updated asset objects reloaded before import = 0
Number of asset objects unloaded after import = 2
========================================================================
Received Import Request.
  Time since last request: 0.000040 seconds.
  path: Assets/UnityAssets/Honeti/FlatScifiGUI/Textures/Buttons/Checkbox.png
  artifactKey: Guid(53009f5dab627b647b67cf3d4672f070) Importer(815301076,1909f56bfc062723c751e8b465ee728b)
Start importing Assets/UnityAssets/Honeti/FlatScifiGUI/Textures/Buttons/Checkbox.png using Guid(53009f5dab627b647b67cf3d4672f070) Importer(815301076,1909f56bfc062723c751e8b465ee728b)  -> (artifact id: '39c4cbb68b0246dd64d66b248724b55f') in 0.034307 seconds
Number of updated asset objects reloaded before import = 0
Number of asset objects unloaded after import = 3
========================================================================
Received Import Request.
  Time since last request: 0.305393 seconds.
  path: Assets/UnityAssets/ScifiOfficeLite/Meshes/Textures/Control Panel/Control Panel Table_Maskmap.png
  artifactKey: Guid(37358f8cd9d38b84a85661741b5173fb) Importer(815301076,1909f56bfc062723c751e8b465ee728b)
Start importing Assets/UnityAssets/ScifiOfficeLite/Meshes/Textures/Control Panel/Control Panel Table_Maskmap.png using Guid(37358f8cd9d38b84a85661741b5173fb) Importer(815301076,1909f56bfc062723c751e8b465ee728b)  -> (artifact id: '331f3708b238050ac37c0388fe34ff71') in 0.066765 seconds
Number of updated asset objects reloaded before import = 0
Number of asset objects unloaded after import = 2
========================================================================
Received Import Request.
  Time since last request: 0.000021 seconds.
  path: Assets/Enviroment/Textures/Crate/Crate_MaskMap.png
  artifactKey: Guid(8fc5475d98ab3684398b9118855742c7) Importer(815301076,1909f56bfc062723c751e8b465ee728b)
Start importing Assets/Enviroment/Textures/Crate/Crate_MaskMap.png using Guid(8fc5475d98ab3684398b9118855742c7) Importer(815301076,1909f56bfc062723c751e8b465ee728b)  -> (artifact id: 'c5921f7153a38c6c87dcccec1089faee') in 0.026029 seconds
Number of updated asset objects reloaded before import = 0
Number of asset objects unloaded after import = 2
========================================================================
Received Import Request.
  Time since last request: 0.000017 seconds.
  path: Assets/UnityAssets/_Creepy_Cat/_3D Scifi Kit Vol 4/Textures/_Gui/Crosshair_02.png
  artifactKey: Guid(b9792685301d72746aef409f696096ad) Importer(815301076,1909f56bfc062723c751e8b465ee728b)
Start importing Assets/UnityAssets/_Creepy_Cat/_3D Scifi Kit Vol 4/Textures/_Gui/Crosshair_02.png using Guid(b9792685301d72746aef409f696096ad) Importer(815301076,1909f56bfc062723c751e8b465ee728b)  -> (artifact id: 'b106b4279f4ab41342d71aa52420cf96') in 0.014100 seconds
Number of updated asset objects reloaded before import = 0
Number of asset objects unloaded after import = 2
========================================================================
Received Import Request.
  Time since last request: 0.000020 seconds.
  path: Assets/Enviroment/Textures/Masks/Dirt_Mask.png
  artifactKey: Guid(b312fd83cb3d3324cb4f7aab80fdb8fc) Importer(815301076,1909f56bfc062723c751e8b465ee728b)
Start importing Assets/Enviroment/Textures/Masks/Dirt_Mask.png using Guid(b312fd83cb3d3324cb4f7aab80fdb8fc) Importer(815301076,1909f56bfc062723c751e8b465ee728b)  -> (artifact id: 'ba2f4c083f55fd75618b47f5db72862e') in 0.026838 seconds
Number of updated asset objects reloaded before import = 0
Number of asset objects unloaded after import = 2
========================================================================
Received Import Request.
  Time since last request: 0.000034 seconds.
  path: Assets/UnityAssets/ScifiOfficeLite/Meshes/Textures/Interactables and Doors/Doors/Door 1_Diffuse.png
  artifactKey: Guid(35ffd15d30d96e345af52ff165b4d66c) Importer(815301076,1909f56bfc062723c751e8b465ee728b)
Start importing Assets/UnityAssets/ScifiOfficeLite/Meshes/Textures/Interactables and Doors/Doors/Door 1_Diffuse.png using Guid(35ffd15d30d96e345af52ff165b4d66c) Importer(815301076,1909f56bfc062723c751e8b465ee728b)  -> (artifact id: 'de20de0e3cc933ff896b9c602abafd32') in 0.041323 seconds
Number of updated asset objects reloaded before import = 0
Number of asset objects unloaded after import = 2
========================================================================
Received Import Request.
  Time since last request: 0.000016 seconds.
  path: Assets/UnityAssets/ScifiOfficeLite/Meshes/Textures/Interactables and Doors/Doors/Door 1_Normal.png
  artifactKey: Guid(c87f3928579a69b42b65feb8c11335bb) Importer(815301076,1909f56bfc062723c751e8b465ee728b)
Start importing Assets/UnityAssets/ScifiOfficeLite/Meshes/Textures/Interactables and Doors/Doors/Door 1_Normal.png using Guid(c87f3928579a69b42b65feb8c11335bb) Importer(815301076,1909f56bfc062723c751e8b465ee728b)  -> (artifact id: '107bca45de94be8dd107315918f42937') in 0.024288 seconds
Number of updated asset objects reloaded before import = 0
Number of asset objects unloaded after import = 2
========================================================================
Received Import Request.
  Time since last request: 0.000020 seconds.
  path: Assets/Enviroment/Textures/Crate/Crate_Normal.png
  artifactKey: Guid(a384e69cecc59534ea2e9c9e73d30e23) Importer(815301076,1909f56bfc062723c751e8b465ee728b)
Start importing Assets/Enviroment/Textures/Crate/Crate_Normal.png using Guid(a384e69cecc59534ea2e9c9e73d30e23) Importer(815301076,1909f56bfc062723c751e8b465ee728b)  -> (artifact id: '0cc52306f4978a1e10c5d34d3788c131') in 0.041214 seconds
Number of updated asset objects reloaded before import = 0
Number of asset objects unloaded after import = 2
========================================================================
Received Import Request.
  Time since last request: 0.000020 seconds.
  path: Assets/UnityAssets/_Creepy_Cat/New_terrain/Terrain_A/Diffuse.png
  artifactKey: Guid(a6dc8f20ae5044445bbb97044eb76cae) Importer(815301076,1909f56bfc062723c751e8b465ee728b)
Start importing Assets/UnityAssets/_Creepy_Cat/New_terrain/Terrain_A/Diffuse.png using Guid(a6dc8f20ae5044445bbb97044eb76cae) Importer(815301076,1909f56bfc062723c751e8b465ee728b)  -> (artifact id: '771835fe1dcebf5647725ed1ef41d0c4') in 0.034477 seconds
Number of updated asset objects reloaded before import = 0
Number of asset objects unloaded after import = 2
========================================================================
Received Import Request.
  Time since last request: 0.517248 seconds.
  path: Assets/UnityAssets/Honeti/FlatScifiGUI/Textures/Panels/Ellipse60pxStroke3px.png
  artifactKey: Guid(d1ddc59eac20fca49922a493c3fa0c8b) Importer(815301076,1909f56bfc062723c751e8b465ee728b)
Start importing Assets/UnityAssets/Honeti/FlatScifiGUI/Textures/Panels/Ellipse60pxStroke3px.png using Guid(d1ddc59eac20fca49922a493c3fa0c8b) Importer(815301076,1909f56bfc062723c751e8b465ee728b)  -> (artifact id: 'cf18caa61b92b26f79be3570e8ff835f') in 0.019511 seconds
Number of updated asset objects reloaded before import = 0
Number of asset objects unloaded after import = 3
========================================================================
Received Import Request.
  Time since last request: 0.000021 seconds.
  path: Assets/UnityAssets/Honeti/FlatScifiGUI/Textures/Panels/Ellipse400px.png
  artifactKey: Guid(83a32c7f301d80241bce95e26e4d6c75) Importer(815301076,1909f56bfc062723c751e8b465ee728b)
Start importing Assets/UnityAssets/Honeti/FlatScifiGUI/Textures/Panels/Ellipse400px.png using Guid(83a32c7f301d80241bce95e26e4d6c75) Importer(815301076,1909f56bfc062723c751e8b465ee728b)  -> (artifact id: 'a51e5d5d836dad2575f146475d3e6411') in 0.020753 seconds
Number of updated asset objects reloaded before import = 0
Number of asset objects unloaded after import = 3
========================================================================
Received Import Request.
  Time since last request: 0.000024 seconds.
  path: Assets/UnityAssets/Honeti/FlatScifiGUI/Textures/Panels/Ellipse90px.png
  artifactKey: Guid(02ff2bdbdbc1ee0479afae8c3df80f7c) Importer(815301076,1909f56bfc062723c751e8b465ee728b)
Start importing Assets/UnityAssets/Honeti/FlatScifiGUI/Textures/Panels/Ellipse90px.png using Guid(02ff2bdbdbc1ee0479afae8c3df80f7c) Importer(815301076,1909f56bfc062723c751e8b465ee728b)  -> (artifact id: 'c414f0095da9a571365acc386cf77fe0') in 0.022446 seconds
Number of updated asset objects reloaded before import = 0
Number of asset objects unloaded after import = 3
========================================================================
Received Import Request.
  Time since last request: 0.000037 seconds.
  path: Assets/UnityAssets/F3_Corvette/Textures/F3_Red.tif
  artifactKey: Guid(0281472901f2b3f42be55669e274d164) Importer(815301076,1909f56bfc062723c751e8b465ee728b)
Start importing Assets/UnityAssets/F3_Corvette/Textures/F3_Red.tif using Guid(0281472901f2b3f42be55669e274d164) Importer(815301076,1909f56bfc062723c751e8b465ee728b)  -> (artifact id: '4fa7e080234ea92f47b43d424d8a7ed4') in 0.024081 seconds
Number of updated asset objects reloaded before import = 0
Number of asset objects unloaded after import = 2
========================================================================
Received Import Request.
  Time since last request: 0.000026 seconds.
  path: Assets/TextMesh Pro/Sprites/EmojiOne.png
  artifactKey: Guid(dffef66376be4fa480fb02b19edbe903) Importer(815301076,1909f56bfc062723c751e8b465ee728b)
Start importing Assets/TextMesh Pro/Sprites/EmojiOne.png using Guid(dffef66376be4fa480fb02b19edbe903) Importer(815301076,1909f56bfc062723c751e8b465ee728b)  -> (artifact id: '20c005dfd81374012843eb235533966a') in 0.022520 seconds
Number of updated asset objects reloaded before import = 0
Number of asset objects unloaded after import = 2
========================================================================
Received Import Request.
  Time since last request: 0.097422 seconds.
  path: Assets/UnityAssets/Honeti/FlatScifiGUI/Sources/flat_scifi_gui_orange.psd
  artifactKey: Guid(034cec8f541060e478f6aca138a5046e) Importer(815301076,1909f56bfc062723c751e8b465ee728b)
Start importing Assets/UnityAssets/Honeti/FlatScifiGUI/Sources/flat_scifi_gui_orange.psd using Guid(034cec8f541060e478f6aca138a5046e) Importer(815301076,1909f56bfc062723c751e8b465ee728b)  -> (artifact id: 'd676fb259a7d97d1cbe493aa431f15b0') in 0.023350 seconds
Number of updated asset objects reloaded before import = 0
Number of asset objects unloaded after import = 3
========================================================================
Received Import Request.
  Time since last request: 0.000018 seconds.
  path: Assets/Materials/juk/Full_LP_DEF_POSE_2_default_normal.tga
  artifactKey: Guid(471e8425b000ac241b4843dacadd6160) Importer(815301076,1909f56bfc062723c751e8b465ee728b)
Start importing Assets/Materials/juk/Full_LP_DEF_POSE_2_default_normal.tga using Guid(471e8425b000ac241b4843dacadd6160) Importer(815301076,1909f56bfc062723c751e8b465ee728b)  -> (artifact id: '6abc03a2e4fb2ce3972c683d2b5fbf87') in 0.027591 seconds
Number of updated asset objects reloaded before import = 0
Number of asset objects unloaded after import = 2
========================================================================
Received Import Request.
  Time since last request: 0.000020 seconds.
  path: Assets/Materials/juk/Full_LP_DEF_POSE_2_default_MetallicSmoothness.tga
  artifactKey: Guid(d899a5dcf20a05849b6aadc0b630a3af) Importer(815301076,1909f56bfc062723c751e8b465ee728b)
Start importing Assets/Materials/juk/Full_LP_DEF_POSE_2_default_MetallicSmoothness.tga using Guid(d899a5dcf20a05849b6aadc0b630a3af) Importer(815301076,1909f56bfc062723c751e8b465ee728b)  -> (artifact id: 'd162c159cf4a7f8a9f80a1cf6ce0669a') in 0.029854 seconds
Number of updated asset objects reloaded before import = 0
Number of asset objects unloaded after import = 2
========================================================================
Received Import Request.
  Time since last request: 0.494372 seconds.
  path: Assets/Enviroment/Textures/Ground/Ground_A_Diffuse.png
  artifactKey: Guid(611362bf0c59c4e48b57c42c4301e4ed) Importer(815301076,1909f56bfc062723c751e8b465ee728b)
Start importing Assets/Enviroment/Textures/Ground/Ground_A_Diffuse.png using Guid(611362bf0c59c4e48b57c42c4301e4ed) Importer(815301076,1909f56bfc062723c751e8b465ee728b)  -> (artifact id: '55b552deb380d84ba615bd7d3a5656d7') in 0.024927 seconds
Number of updated asset objects reloaded before import = 0
Number of asset objects unloaded after import = 2
========================================================================
Received Import Request.
  Time since last request: 0.000038 seconds.
  path: Assets/Enviroment/Textures/Ground/Ground_A_Metallic.png
  artifactKey: Guid(f9a00ea5bdfd33c4d95b67fb90e95250) Importer(815301076,1909f56bfc062723c751e8b465ee728b)
Start importing Assets/Enviroment/Textures/Ground/Ground_A_Metallic.png using Guid(f9a00ea5bdfd33c4d95b67fb90e95250) Importer(815301076,1909f56bfc062723c751e8b465ee728b)  -> (artifact id: '04eaf4642f27e7ace0e8ddd1381da9f3') in 0.025164 seconds
Number of updated asset objects reloaded before import = 0
Number of asset objects unloaded after import = 2
========================================================================
Received Import Request.
  Time since last request: 0.000018 seconds.
  path: Assets/Enviroment/Textures/Ground/Ground_B_MaskMap.png
  artifactKey: Guid(35741e370a39d444f86a07620f909f69) Importer(815301076,1909f56bfc062723c751e8b465ee728b)
Start importing Assets/Enviroment/Textures/Ground/Ground_B_MaskMap.png using Guid(35741e370a39d444f86a07620f909f69) Importer(815301076,1909f56bfc062723c751e8b465ee728b)  -> (artifact id: 'c40ff4eeda5f6d1ba06a5e48b9c45e7a') in 0.025847 seconds
Number of updated asset objects reloaded before import = 0
Number of asset objects unloaded after import = 2
========================================================================
Received Import Request.
  Time since last request: 0.000031 seconds.
  path: Assets/Prefabs/2D Texture/IMG_2547.PNG
  artifactKey: Guid(980da78fe560f8847a0fbb391f4a15d0) Importer(815301076,1909f56bfc062723c751e8b465ee728b)
Start importing Assets/Prefabs/2D Texture/IMG_2547.PNG using Guid(980da78fe560f8847a0fbb391f4a15d0) Importer(815301076,1909f56bfc062723c751e8b465ee728b)  -> (artifact id: '7316daab2e8ca75a489aa91be9c22fa4') in 0.028880 seconds
Number of updated asset objects reloaded before import = 0
Number of asset objects unloaded after import = 3
========================================================================
Received Import Request.
  Time since last request: 0.000015 seconds.
  path: Assets/Prefabs/2D Texture/IMG_2546.PNG
  artifactKey: Guid(36ad0ff98cd68f64dbe09b6f5a72cbca) Importer(815301076,1909f56bfc062723c751e8b465ee728b)
Start importing Assets/Prefabs/2D Texture/IMG_2546.PNG using Guid(36ad0ff98cd68f64dbe09b6f5a72cbca) Importer(815301076,1909f56bfc062723c751e8b465ee728b)  -> (artifact id: '46a964038c757ac95500f98edcbe5437') in 0.028037 seconds
Number of updated asset objects reloaded before import = 0
Number of asset objects unloaded after import = 3
========================================================================
Received Import Request.
  Time since last request: 0.024277 seconds.
  path: Assets/Prefabs/2D Texture/PauseMenuUI/IMG_2611.PNG
  artifactKey: Guid(71df77d8ec1fc014b900b02ef29615be) Importer(815301076,1909f56bfc062723c751e8b465ee728b)
Start importing Assets/Prefabs/2D Texture/PauseMenuUI/IMG_2611.PNG using Guid(71df77d8ec1fc014b900b02ef29615be) Importer(815301076,1909f56bfc062723c751e8b465ee728b)  -> (artifact id: '1ea212be9808ec8e432ae54053af044b') in 0.026493 seconds
Number of updated asset objects reloaded before import = 0
Number of asset objects unloaded after import = 3
========================================================================
Received Import Request.
  Time since last request: 0.000018 seconds.
  path: Assets/Prefabs/2D Texture/IMG_2617.PNG
  artifactKey: Guid(c8d6db80404aec9468032faa11a2e490) Importer(815301076,1909f56bfc062723c751e8b465ee728b)
Start importing Assets/Prefabs/2D Texture/IMG_2617.PNG using Guid(c8d6db80404aec9468032faa11a2e490) Importer(815301076,1909f56bfc062723c751e8b465ee728b)  -> (artifact id: '2e803365b1f5f962d9854389b37506c2') in 0.034155 seconds
Number of updated asset objects reloaded before import = 0
Number of asset objects unloaded after import = 3
========================================================================
Received Import Request.
  Time since last request: 0.000024 seconds.
  path: Assets/Prefabs/2D Texture/PauseMenuUI/IMG_2616.PNG
  artifactKey: Guid(805b628b8f9529b4393e48f7e8a5f7c6) Importer(815301076,1909f56bfc062723c751e8b465ee728b)
Start importing Assets/Prefabs/2D Texture/PauseMenuUI/IMG_2616.PNG using Guid(805b628b8f9529b4393e48f7e8a5f7c6) Importer(815301076,1909f56bfc062723c751e8b465ee728b)  -> (artifact id: '5bd7128cbfa6d1bae934868821da04a0') in 0.028931 seconds
Number of updated asset objects reloaded before import = 0
Number of asset objects unloaded after import = 3
========================================================================
Received Import Request.
  Time since last request: 0.000018 seconds.
  path: Assets/Prefabs/2D Texture/PauseMenuUI/IMG_2613.PNG
  artifactKey: Guid(ab22c2f5d7c7c4b42b455873f40d17a9) Importer(815301076,1909f56bfc062723c751e8b465ee728b)
Start importing Assets/Prefabs/2D Texture/PauseMenuUI/IMG_2613.PNG using Guid(ab22c2f5d7c7c4b42b455873f40d17a9) Importer(815301076,1909f56bfc062723c751e8b465ee728b)  -> (artifact id: 'd6dbb469cdeac9df7b29ff312bde6e68') in 0.027791 seconds
Number of updated asset objects reloaded before import = 0
Number of asset objects unloaded after import = 3
========================================================================
Received Import Request.
  Time since last request: 0.000019 seconds.
  path: Assets/Prefabs/Settings/IMG_2617.PNG
  artifactKey: Guid(2f4dc5726e10a9b44b6c13f131dc7f7d) Importer(815301076,1909f56bfc062723c751e8b465ee728b)
Start importing Assets/Prefabs/Settings/IMG_2617.PNG using Guid(2f4dc5726e10a9b44b6c13f131dc7f7d) Importer(815301076,1909f56bfc062723c751e8b465ee728b)  -> (artifact id: 'c37d622f780dde48a610350d6bd18509') in 0.024683 seconds
Number of updated asset objects reloaded before import = 0
Number of asset objects unloaded after import = 3
========================================================================
Received Import Request.
  Time since last request: 2.899838 seconds.
  path: Assets/Prefabs/2D Texture/Pokazately/IMG_2642.PNG
  artifactKey: Guid(8d5ca895881316248812e6e648a9d2e6) Importer(815301076,1909f56bfc062723c751e8b465ee728b)
Start importing Assets/Prefabs/2D Texture/Pokazately/IMG_2642.PNG using Guid(8d5ca895881316248812e6e648a9d2e6) Importer(815301076,1909f56bfc062723c751e8b465ee728b)  -> (artifact id: 'dd1e93f6e5a15a1a057b0ade39669a13') in 0.069543 seconds
Number of updated asset objects reloaded before import = 0
Number of asset objects unloaded after import = 3
========================================================================
Received Import Request.
  Time since last request: 0.000021 seconds.
  path: Assets/Prefabs/2D Texture/Craft/IMG_2651.PNG
  artifactKey: Guid(378136a02cbcc65468060c387a343d12) Importer(815301076,1909f56bfc062723c751e8b465ee728b)
Start importing Assets/Prefabs/2D Texture/Craft/IMG_2651.PNG using Guid(378136a02cbcc65468060c387a343d12) Importer(815301076,1909f56bfc062723c751e8b465ee728b)  -> (artifact id: '70c5734b354d768e9d561d295b388841') in 0.025413 seconds
Number of updated asset objects reloaded before import = 0
Number of asset objects unloaded after import = 3
========================================================================
Received Import Request.
  Time since last request: 0.000026 seconds.
  path: Assets/Prefabs/2D Texture/Craft/IMG_2649 1.PNG
  artifactKey: Guid(48095940abe12e246a95fd515f68df04) Importer(815301076,1909f56bfc062723c751e8b465ee728b)
Start importing Assets/Prefabs/2D Texture/Craft/IMG_2649 1.PNG using Guid(48095940abe12e246a95fd515f68df04) Importer(815301076,1909f56bfc062723c751e8b465ee728b)  -> (artifact id: 'd38b57f825714b3968b25b08169d9b6a') in 0.023727 seconds
Number of updated asset objects reloaded before import = 0
Number of asset objects unloaded after import = 3
========================================================================
Received Import Request.
  Time since last request: 0.000017 seconds.
  path: Assets/Prefabs/2D Texture/InventoryUI/IMG_2646.PNG
  artifactKey: Guid(e6971dc6a8a24914c99242c9bb5847b7) Importer(815301076,1909f56bfc062723c751e8b465ee728b)
Start importing Assets/Prefabs/2D Texture/InventoryUI/IMG_2646.PNG using Guid(e6971dc6a8a24914c99242c9bb5847b7) Importer(815301076,1909f56bfc062723c751e8b465ee728b)  -> (artifact id: 'c7288c5cef0d1febe76013a03a3bd0db') in 0.024570 seconds
Number of updated asset objects reloaded before import = 0
Number of asset objects unloaded after import = 3
========================================================================
Received Import Request.
  Time since last request: 0.388210 seconds.
  path: Assets/Prefabs/Settings/IMG_2677.PNG
  artifactKey: Guid(e987842a1de104e4fbe506aead690ab3) Importer(815301076,1909f56bfc062723c751e8b465ee728b)
Start importing Assets/Prefabs/Settings/IMG_2677.PNG using Guid(e987842a1de104e4fbe506aead690ab3) Importer(815301076,1909f56bfc062723c751e8b465ee728b)  -> (artifact id: 'f11ae2afc97dee9cf183a11eb4bc67bb') in 0.026844 seconds
Number of updated asset objects reloaded before import = 0
Number of asset objects unloaded after import = 3
========================================================================
Received Import Request.
  Time since last request: 0.000023 seconds.
  path: Assets/Materials/Programming/IMG_2795.PNG
  artifactKey: Guid(1148f3b310c338e4fa81e14ff08dca39) Importer(815301076,1909f56bfc062723c751e8b465ee728b)
Start importing Assets/Materials/Programming/IMG_2795.PNG using Guid(1148f3b310c338e4fa81e14ff08dca39) Importer(815301076,1909f56bfc062723c751e8b465ee728b)  -> (artifact id: 'faa90521b8adb236569c2c1136c4ed68') in 0.020419 seconds
Number of updated asset objects reloaded before import = 0
Number of asset objects unloaded after import = 3
========================================================================
Received Import Request.
  Time since last request: 0.000018 seconds.
  path: Assets/Materials/Programming/IMG_2799.PNG
  artifactKey: Guid(c60b5371ffc29ed46be15d1214f93633) Importer(815301076,1909f56bfc062723c751e8b465ee728b)
Start importing Assets/Materials/Programming/IMG_2799.PNG using Guid(c60b5371ffc29ed46be15d1214f93633) Importer(815301076,1909f56bfc062723c751e8b465ee728b)  -> (artifact id: '36a31a4e9c31b0c1929e453d7f88992c') in 0.028911 seconds
Number of updated asset objects reloaded before import = 0
Number of asset objects unloaded after import = 3
========================================================================
Received Import Request.
  Time since last request: 0.000017 seconds.
  path: Assets/Materials/Programming/IMG_2804.PNG
  artifactKey: Guid(52933683209eccc4ca514a638243e6bc) Importer(815301076,1909f56bfc062723c751e8b465ee728b)
Start importing Assets/Materials/Programming/IMG_2804.PNG using Guid(52933683209eccc4ca514a638243e6bc) Importer(815301076,1909f56bfc062723c751e8b465ee728b)  -> (artifact id: '3fadce17b41f81e70d2bba6931fb623a') in 0.024648 seconds
Number of updated asset objects reloaded before import = 0
Number of asset objects unloaded after import = 3
========================================================================
Received Import Request.
  Time since last request: 0.000019 seconds.
  path: Assets/Materials/Programming/IMG_2800.PNG
  artifactKey: Guid(c68be16229abf4240868856510ba8d3d) Importer(815301076,1909f56bfc062723c751e8b465ee728b)
Start importing Assets/Materials/Programming/IMG_2800.PNG using Guid(c68be16229abf4240868856510ba8d3d) Importer(815301076,1909f56bfc062723c751e8b465ee728b)  -> (artifact id: '7865b6dfb62f3318d7b3af6441b072fa') in 0.021115 seconds
Number of updated asset objects reloaded before import = 0
Number of asset objects unloaded after import = 3
========================================================================
Received Import Request.
  Time since last request: 0.031862 seconds.
  path: Assets/Prefabs/2D Texture/IMG_26062.PNG
  artifactKey: Guid(3388dc39cdc4afe4a8323d7e4663ee19) Importer(815301076,1909f56bfc062723c751e8b465ee728b)
Start importing Assets/Prefabs/2D Texture/IMG_26062.PNG using Guid(3388dc39cdc4afe4a8323d7e4663ee19) Importer(815301076,1909f56bfc062723c751e8b465ee728b)  -> (artifact id: 'f48a83804f7e0a25cf1b6429a8355488') in 0.026536 seconds
Number of updated asset objects reloaded before import = 0
Number of asset objects unloaded after import = 3
========================================================================
Received Import Request.
  Time since last request: 0.000018 seconds.
  path: Assets/UnityAssets/Honeti/FlatScifiGUI/Textures/Misc/LevelsStarBig.png
  artifactKey: Guid(8e99dae2a4c862d47813dc064e38df43) Importer(815301076,1909f56bfc062723c751e8b465ee728b)
Start importing Assets/UnityAssets/Honeti/FlatScifiGUI/Textures/Misc/LevelsStarBig.png using Guid(8e99dae2a4c862d47813dc064e38df43) Importer(815301076,1909f56bfc062723c751e8b465ee728b)  -> (artifact id: '3d87136dcce5bfa507520cb74ba99876') in 0.024759 seconds
Number of updated asset objects reloaded before import = 0
Number of asset objects unloaded after import = 3
========================================================================
Received Import Request.
  Time since last request: 0.000034 seconds.
  path: Assets/UnityAssets/ScifiOfficeLite/Meshes/Textures/Environment/Techware/Keyboard props texture/Keyboard Props_Normal.png
  artifactKey: Guid(ec75dfe1d08f0e845b031ed1962c38bf) Importer(815301076,1909f56bfc062723c751e8b465ee728b)
Start importing Assets/UnityAssets/ScifiOfficeLite/Meshes/Textures/Environment/Techware/Keyboard props texture/Keyboard Props_Normal.png using Guid(ec75dfe1d08f0e845b031ed1962c38bf) Importer(815301076,1909f56bfc062723c751e8b465ee728b)  -> (artifact id: '2e5e1b3f4571216d2b34aeba4d3b6a9c') in 0.033381 seconds
Number of updated asset objects reloaded before import = 0
Number of asset objects unloaded after import = 2
========================================================================
Received Import Request.
  Time since last request: 0.000031 seconds.
  path: Assets/UnityAssets/Honeti/FlatScifiGUI/Textures/Misc/LevelFailed.png
  artifactKey: Guid(abdd4229de78f444da02e928fee9c1c2) Importer(815301076,1909f56bfc062723c751e8b465ee728b)
Start importing Assets/UnityAssets/Honeti/FlatScifiGUI/Textures/Misc/LevelFailed.png using Guid(abdd4229de78f444da02e928fee9c1c2) Importer(815301076,1909f56bfc062723c751e8b465ee728b)  -> (artifact id: 'e01864716de106573371a2693c8020ed') in 0.029480 seconds
Number of updated asset objects reloaded before import = 0
Number of asset objects unloaded after import = 3
========================================================================
Received Import Request.
  Time since last request: 0.103725 seconds.
  path: Assets/UnityAssets/ScifiOfficeLite/Scene/Demo/Lightmap-1_comp_dir.png
  artifactKey: Guid(df4828a7778d2e0419350647efe5bf6b) Importer(815301076,1909f56bfc062723c751e8b465ee728b)
Start importing Assets/UnityAssets/ScifiOfficeLite/Scene/Demo/Lightmap-1_comp_dir.png using Guid(df4828a7778d2e0419350647efe5bf6b) Importer(815301076,1909f56bfc062723c751e8b465ee728b)  -> (artifact id: 'f1c6846a4785faa5c006f16ab1bdc307') in 0.019704 seconds
Number of updated asset objects reloaded before import = 0
Number of asset objects unloaded after import = 2
========================================================================
Received Import Request.
  Time since last request: 0.000014 seconds.
  path: Assets/UnityAssets/ScifiOfficeLite/Scene/Demo/Lightmap-2_comp_shadowmask.png
  artifactKey: Guid(d8aa27a5cc542e64a866e15a66c215fd) Importer(815301076,1909f56bfc062723c751e8b465ee728b)
Start importing Assets/UnityAssets/ScifiOfficeLite/Scene/Demo/Lightmap-2_comp_shadowmask.png using Guid(d8aa27a5cc542e64a866e15a66c215fd) Importer(815301076,1909f56bfc062723c751e8b465ee728b)  -> (artifact id: '9104fb40f9530f7296e5b1277d7e90a3') in 0.022248 seconds
Number of updated asset objects reloaded before import = 0
Number of asset objects unloaded after import = 2
========================================================================
Received Import Request.
  Time since last request: 0.000030 seconds.
  path: Assets/UnityAssets/Honeti/FlatScifiGUI/Textures/Misc/LineSlantedLeft.png
  artifactKey: Guid(ea0d933502197674fb80e4620f5efbe0) Importer(815301076,1909f56bfc062723c751e8b465ee728b)
Start importing Assets/UnityAssets/Honeti/FlatScifiGUI/Textures/Misc/LineSlantedLeft.png using Guid(ea0d933502197674fb80e4620f5efbe0) Importer(815301076,1909f56bfc062723c751e8b465ee728b)  -> (artifact id: '905c2970ad84d586008c4852c909bf05') in 0.022131 seconds
Number of updated asset objects reloaded before import = 0
Number of asset objects unloaded after import = 3
========================================================================
Received Import Request.
  Time since last request: 0.000027 seconds.
  path: Assets/UnityAssets/ScifiOfficeLite/Scene/Demo/Lightmap-3_comp_dir.png
  artifactKey: Guid(956b1e195a1b1454cb14b37c71337cd1) Importer(815301076,1909f56bfc062723c751e8b465ee728b)
Start importing Assets/UnityAssets/ScifiOfficeLite/Scene/Demo/Lightmap-3_comp_dir.png using Guid(956b1e195a1b1454cb14b37c71337cd1) Importer(815301076,1909f56bfc062723c751e8b465ee728b)  -> (artifact id: '90ba4e08076f0749a93bf17738287d1b') in 0.027672 seconds
Number of updated asset objects reloaded before import = 0
Number of asset objects unloaded after import = 2
========================================================================
Received Import Request.
  Time since last request: 0.165622 seconds.
  path: Assets/Materials/mishka/LP_FULL_3_2_normal.tga
  artifactKey: Guid(6a0a71a4598eea64b9c17bd6e0808dd0) Importer(815301076,1909f56bfc062723c751e8b465ee728b)
Start importing Assets/Materials/mishka/LP_FULL_3_2_normal.tga using Guid(6a0a71a4598eea64b9c17bd6e0808dd0) Importer(815301076,1909f56bfc062723c751e8b465ee728b)  -> (artifact id: '30f272127a605ba14b53337723fa6e8b') in 0.026481 seconds
Number of updated asset objects reloaded before import = 0
Number of asset objects unloaded after import = 2
========================================================================
Received Import Request.
  Time since last request: 0.000022 seconds.
  path: Assets/Materials/textures/Модуль пасеки/Material_2.jpg
  artifactKey: Guid(6cf4a94c2938f0147b7373cccd55b365) Importer(815301076,1909f56bfc062723c751e8b465ee728b)
Start importing Assets/Materials/textures/Модуль пасеки/Material_2.jpg using Guid(6cf4a94c2938f0147b7373cccd55b365) Importer(815301076,1909f56bfc062723c751e8b465ee728b)  -> (artifact id: '499d80b365fae5bf30d0a4cae7048113') in 0.021296 seconds
Number of updated asset objects reloaded before import = 0
Number of asset objects unloaded after import = 2
========================================================================
Received Import Request.
  Time since last request: 0.000027 seconds.
  path: Assets/Materials/Модули/Модуль пасеки/Material_1.jpg
  artifactKey: Guid(490644a548f7cb54699d255dfca131c7) Importer(815301076,1909f56bfc062723c751e8b465ee728b)
Start importing Assets/Materials/Модули/Модуль пасеки/Material_1.jpg using Guid(490644a548f7cb54699d255dfca131c7) Importer(815301076,1909f56bfc062723c751e8b465ee728b)  -> (artifact id: 'fbc482bc2551d9293a72500fd23dd62d') in 0.023747 seconds
Number of updated asset objects reloaded before import = 0
Number of asset objects unloaded after import = 2
========================================================================
Received Import Request.
  Time since last request: 0.000019 seconds.
  path: Assets/Materials/textures/Модуль пасеки/Material_1.jpg
  artifactKey: Guid(cfee1906655794847acd88e3a19f4bbd) Importer(815301076,1909f56bfc062723c751e8b465ee728b)
Start importing Assets/Materials/textures/Модуль пасеки/Material_1.jpg using Guid(cfee1906655794847acd88e3a19f4bbd) Importer(815301076,1909f56bfc062723c751e8b465ee728b)  -> (artifact id: '6b73be1efeaf48340ba8c0771f205582') in 0.021324 seconds
Number of updated asset objects reloaded before import = 0
Number of asset objects unloaded after import = 2
========================================================================
Received Import Request.
  Time since last request: 0.256851 seconds.
  path: Assets/Materials/textures/Модуль Склада/Material_3.jpg
  artifactKey: Guid(e0b18870e9d931c4683a932de07460dd) Importer(815301076,1909f56bfc062723c751e8b465ee728b)
Start importing Assets/Materials/textures/Модуль Склада/Material_3.jpg using Guid(e0b18870e9d931c4683a932de07460dd) Importer(815301076,1909f56bfc062723c751e8b465ee728b)  -> (artifact id: '02f9830d9806a1460a02ca666f2c075a') in 0.018112 seconds
Number of updated asset objects reloaded before import = 0
Number of asset objects unloaded after import = 2
========================================================================
Received Import Request.
  Time since last request: 0.000079 seconds.
  path: Assets/Materials/textures/Модуль дома/Material_4.jpg
  artifactKey: Guid(979b4697da4209a469ec0ff6fb9fb211) Importer(815301076,1909f56bfc062723c751e8b465ee728b)
Start importing Assets/Materials/textures/Модуль дома/Material_4.jpg using Guid(979b4697da4209a469ec0ff6fb9fb211) Importer(815301076,1909f56bfc062723c751e8b465ee728b)  -> (artifact id: '5ae463b3af70798af27550050a7deb3a') in 0.020528 seconds
Number of updated asset objects reloaded before import = 0
Number of asset objects unloaded after import = 2
========================================================================
Received Import Request.
  Time since last request: 0.000019 seconds.
  path: Assets/Materials/textures/Модуль пасеки/Material_5.jpg
  artifactKey: Guid(7f327fd5ad325164185a2bc00794f5dc) Importer(815301076,1909f56bfc062723c751e8b465ee728b)
Start importing Assets/Materials/textures/Модуль пасеки/Material_5.jpg using Guid(7f327fd5ad325164185a2bc00794f5dc) Importer(815301076,1909f56bfc062723c751e8b465ee728b)  -> (artifact id: 'd31a2eb8a0df2c02c38d30a1607f290a') in 0.014000 seconds
Number of updated asset objects reloaded before import = 0
Number of asset objects unloaded after import = 2
========================================================================
Received Import Request.
  Time since last request: 0.000023 seconds.
  path: Assets/Materials/Модули/Модуль дома/Material_3.jpg
  artifactKey: Guid(37182de82cb344f4a8e1db02f0e2810d) Importer(815301076,1909f56bfc062723c751e8b465ee728b)
Start importing Assets/Materials/Модули/Модуль дома/Material_3.jpg using Guid(37182de82cb344f4a8e1db02f0e2810d) Importer(815301076,1909f56bfc062723c751e8b465ee728b)  -> (artifact id: '799a5b454fc79b646db4b43f1b713519') in 0.021907 seconds
Number of updated asset objects reloaded before import = 0
Number of asset objects unloaded after import = 2
========================================================================
Received Import Request.
  Time since last request: 0.000019 seconds.
  path: Assets/Materials/textures/Модуль Склада/Material_7.jpg
  artifactKey: Guid(e5b7e051658f3704bb8205f5f29e6fc5) Importer(815301076,1909f56bfc062723c751e8b465ee728b)
Start importing Assets/Materials/textures/Модуль Склада/Material_7.jpg using Guid(e5b7e051658f3704bb8205f5f29e6fc5) Importer(815301076,1909f56bfc062723c751e8b465ee728b)  -> (artifact id: 'b443a2fe5ec9cd30e4df79d3644285a8') in 0.019064 seconds
Number of updated asset objects reloaded before import = 0
Number of asset objects unloaded after import = 2
========================================================================
Received Import Request.
  Time since last request: 0.000023 seconds.
  path: Assets/Materials/textures/Модуль Склада/Material_8.jpg
  artifactKey: Guid(2722ffb306ae6ea4da6d8aea4039cce9) Importer(815301076,1909f56bfc062723c751e8b465ee728b)
Start importing Assets/Materials/textures/Модуль Склада/Material_8.jpg using Guid(2722ffb306ae6ea4da6d8aea4039cce9) Importer(815301076,1909f56bfc062723c751e8b465ee728b)  -> (artifact id: '3cf17b0130485320ac1e5d8316b86960') in 0.018487 seconds
Number of updated asset objects reloaded before import = 0
Number of asset objects unloaded after import = 2
========================================================================
Received Import Request.
  Time since last request: 0.000018 seconds.
  path: Assets/Materials/Модули/Модуль дома/Material_6.jpg
  artifactKey: Guid(7c839582fa2fa3a4c9cde8f9ec95e37b) Importer(815301076,1909f56bfc062723c751e8b465ee728b)
Start importing Assets/Materials/Модули/Модуль дома/Material_6.jpg using Guid(7c839582fa2fa3a4c9cde8f9ec95e37b) Importer(815301076,1909f56bfc062723c751e8b465ee728b)  -> (artifact id: '0ddd5f632d9edc6a7bbe303f452305c8') in 0.019162 seconds
Number of updated asset objects reloaded before import = 0
Number of asset objects unloaded after import = 2
========================================================================
Received Import Request.
  Time since last request: 0.000030 seconds.
  path: Assets/Materials/textures/Модуль лаборатории/Material_6.jpg
  artifactKey: Guid(5fb4c4ae255115c4193f488e0c30db69) Importer(815301076,1909f56bfc062723c751e8b465ee728b)
Start importing Assets/Materials/textures/Модуль лаборатории/Material_6.jpg using Guid(5fb4c4ae255115c4193f488e0c30db69) Importer(815301076,1909f56bfc062723c751e8b465ee728b)  -> (artifact id: 'd13f521342c9d930afcc89e190f78eba') in 0.018435 seconds
Number of updated asset objects reloaded before import = 0
Number of asset objects unloaded after import = 2
========================================================================
Received Import Request.
  Time since last request: 0.000016 seconds.
  path: Assets/Materials/Модули/Модуль пасеки/Material_6.jpg
  artifactKey: Guid(4bc6bd10d9c7a3947a46479e98c70015) Importer(815301076,1909f56bfc062723c751e8b465ee728b)
Start importing Assets/Materials/Модули/Модуль пасеки/Material_6.jpg using Guid(4bc6bd10d9c7a3947a46479e98c70015) Importer(815301076,1909f56bfc062723c751e8b465ee728b)  -> (artifact id: 'be2d83a3b34f3ef506b15a0246d96414') in 0.019444 seconds
Number of updated asset objects reloaded before import = 0
Number of asset objects unloaded after import = 2
========================================================================
Received Import Request.
  Time since last request: 0.322688 seconds.
  path: Assets/Materials/Модули/Модуль дома/Material_9.jpg
  artifactKey: Guid(b99e18a4a65a4ba4190e31fb2ac3e73e) Importer(815301076,1909f56bfc062723c751e8b465ee728b)
Start importing Assets/Materials/Модули/Модуль дома/Material_9.jpg using Guid(b99e18a4a65a4ba4190e31fb2ac3e73e) Importer(815301076,1909f56bfc062723c751e8b465ee728b)  -> (artifact id: 'e9c4b4126cf4604b99326afca1d775c6') in 0.018586 seconds
Number of updated asset objects reloaded before import = 0
Number of asset objects unloaded after import = 2
========================================================================
Received Import Request.
  Time since last request: 0.000017 seconds.
  path: Assets/Materials/Модули/Модуль пасеки/Material_10.jpg
  artifactKey: Guid(d152d2bb78a28c640b997b9c65fd3288) Importer(815301076,1909f56bfc062723c751e8b465ee728b)
Start importing Assets/Materials/Модули/Модуль пасеки/Material_10.jpg using Guid(d152d2bb78a28c640b997b9c65fd3288) Importer(815301076,1909f56bfc062723c751e8b465ee728b)  -> (artifact id: '56323e9bd7ec7d729ff5a466a67fa221') in 0.020097 seconds
Number of updated asset objects reloaded before import = 0
Number of asset objects unloaded after import = 2
========================================================================
Received Import Request.
  Time since last request: 0.000017 seconds.
  path: Assets/Materials/textures/Модуль пасеки/Material_11.jpg
  artifactKey: Guid(e41497c7f212ea24bb7c62d8a5066117) Importer(815301076,1909f56bfc062723c751e8b465ee728b)
Start importing Assets/Materials/textures/Модуль пасеки/Material_11.jpg using Guid(e41497c7f212ea24bb7c62d8a5066117) Importer(815301076,1909f56bfc062723c751e8b465ee728b)  -> (artifact id: 'b42fc0bcf2c2abd6118cb4aa11358a63') in 0.017106 seconds
Number of updated asset objects reloaded before import = 0
Number of asset objects unloaded after import = 2
========================================================================
Received Import Request.
  Time since last request: 0.000022 seconds.
  path: Assets/Materials/textures/Модуль пасеки/Material_9.jpg
  artifactKey: Guid(89b76c8d17d6a494aa62d02307903094) Importer(815301076,1909f56bfc062723c751e8b465ee728b)
Start importing Assets/Materials/textures/Модуль пасеки/Material_9.jpg using Guid(89b76c8d17d6a494aa62d02307903094) Importer(815301076,1909f56bfc062723c751e8b465ee728b)  -> (artifact id: '97a361456105dfdbdaca43a7d2b806ed') in 0.017555 seconds
Number of updated asset objects reloaded before import = 0
Number of asset objects unloaded after import = 2
========================================================================
Received Import Request.
  Time since last request: 0.627747 seconds.
  path: Assets/Materials/Модули/Модуль дома/Material_11.jpg
  artifactKey: Guid(e2a6ad22d8dfe594891fcd0816c5e32e) Importer(815301076,1909f56bfc062723c751e8b465ee728b)
Start importing Assets/Materials/Модули/Модуль дома/Material_11.jpg using Guid(e2a6ad22d8dfe594891fcd0816c5e32e) Importer(815301076,1909f56bfc062723c751e8b465ee728b)  -> (artifact id: '45ed0b71da10ed5ca5eb37e2c5abae8f') in 0.020827 seconds
Number of updated asset objects reloaded before import = 0
Number of asset objects unloaded after import = 2
========================================================================
Received Import Request.
  Time since last request: 0.000016 seconds.
  path: Assets/Materials/textures/Модуль Склада/Material_12.jpg
  artifactKey: Guid(be921fbe1006e5d44921ac49fef7bf4f) Importer(815301076,1909f56bfc062723c751e8b465ee728b)
Start importing Assets/Materials/textures/Модуль Склада/Material_12.jpg using Guid(be921fbe1006e5d44921ac49fef7bf4f) Importer(815301076,1909f56bfc062723c751e8b465ee728b)  -> (artifact id: 'f673e517d2c45b761ece9c4a72d09d05') in 0.018321 seconds
Number of updated asset objects reloaded before import = 0
Number of asset objects unloaded after import = 2
========================================================================
Received Import Request.
  Time since last request: 0.000017 seconds.
  path: Assets/Materials/textures/Модуль лаборатории/Material_13.jpg
  artifactKey: Guid(1584afb058165874ba9f7dcfe932f595) Importer(815301076,1909f56bfc062723c751e8b465ee728b)
Start importing Assets/Materials/textures/Модуль лаборатории/Material_13.jpg using Guid(1584afb058165874ba9f7dcfe932f595) Importer(815301076,1909f56bfc062723c751e8b465ee728b)  -> (artifact id: '4196eb130ab6fffbc041018380235d21') in 0.016864 seconds
Number of updated asset objects reloaded before import = 0
Number of asset objects unloaded after import = 2
========================================================================
Received Import Request.
  Time since last request: 0.000020 seconds.
  path: Assets/Materials/Модули/Модуль лаборатории/Material_13.jpg
  artifactKey: Guid(ab67f4f02a0308c4098ce4a4c3b64883) Importer(815301076,1909f56bfc062723c751e8b465ee728b)
Start importing Assets/Materials/Модули/Модуль лаборатории/Material_13.jpg using Guid(ab67f4f02a0308c4098ce4a4c3b64883) Importer(815301076,1909f56bfc062723c751e8b465ee728b)  -> (artifact id: '03724b557b0a249a78618a0b1fabf512') in 0.018924 seconds
Number of updated asset objects reloaded before import = 0
Number of asset objects unloaded after import = 2
========================================================================
Received Import Request.
  Time since last request: 0.000026 seconds.
  path: Assets/Materials/Принтер/maxresdefault.jpg
  artifactKey: Guid(4e006ba77ac6b194483922f1164669da) Importer(815301076,1909f56bfc062723c751e8b465ee728b)
Start importing Assets/Materials/Принтер/maxresdefault.jpg using Guid(4e006ba77ac6b194483922f1164669da) Importer(815301076,1909f56bfc062723c751e8b465ee728b)  -> (artifact id: '791dd4c57245495f9a68a58cedd34e86') in 0.017991 seconds
Number of updated asset objects reloaded before import = 0
Number of asset objects unloaded after import = 2
========================================================================
Received Import Request.
  Time since last request: 0.303939 seconds.
  path: Assets/Materials/textures/Сундук/Metal_Aluminum_Anodized.jpg
  artifactKey: Guid(0c51c8517bc376d4cb2b80df3e428050) Importer(815301076,1909f56bfc062723c751e8b465ee728b)
Start importing Assets/Materials/textures/Сундук/Metal_Aluminum_Anodized.jpg using Guid(0c51c8517bc376d4cb2b80df3e428050) Importer(815301076,1909f56bfc062723c751e8b465ee728b)  -> (artifact id: 'bb6c24ae44da069fbefa306e9bb1283b') in 0.019408 seconds
Number of updated asset objects reloaded before import = 0
Number of asset objects unloaded after import = 2
========================================================================
Received Import Request.
  Time since last request: 0.000019 seconds.
  path: Assets/Materials/Сундук/Metal_Corrugated_Shiny.jpg
  artifactKey: Guid(2fd9720dd44f2ae4ab8b7da20a7b9aef) Importer(815301076,1909f56bfc062723c751e8b465ee728b)
Start importing Assets/Materials/Сундук/Metal_Corrugated_Shiny.jpg using Guid(2fd9720dd44f2ae4ab8b7da20a7b9aef) Importer(815301076,1909f56bfc062723c751e8b465ee728b)  -> (artifact id: 'ca292aa075535e640fa07e849005b2ff') in 0.015887 seconds
Number of updated asset objects reloaded before import = 0
Number of asset objects unloaded after import = 2
========================================================================
Received Import Request.
  Time since last request: 0.000018 seconds.
  path: Assets/Materials/Сундук/Metal_Aluminum_Anodized.jpg
  artifactKey: Guid(256d2ed80a487204db058eed9cf76244) Importer(815301076,1909f56bfc062723c751e8b465ee728b)
Start importing Assets/Materials/Сундук/Metal_Aluminum_Anodized.jpg using Guid(256d2ed80a487204db058eed9cf76244) Importer(815301076,1909f56bfc062723c751e8b465ee728b)  -> (artifact id: '92cfe62a990d2a6e4142135c196cef81') in 0.018934 seconds
Number of updated asset objects reloaded before import = 0
Number of asset objects unloaded after import = 2
========================================================================
Received Import Request.
  Time since last request: 0.000017 seconds.
  path: Assets/Materials/Детали космического корабля/1/1 деталь/Metal_Aluminum_Anodized.jpg
  artifactKey: Guid(78f1c018fb805bb45bba831b74ca6f22) Importer(815301076,1909f56bfc062723c751e8b465ee728b)
Start importing Assets/Materials/Детали космического корабля/1/1 деталь/Metal_Aluminum_Anodized.jpg using Guid(78f1c018fb805bb45bba831b74ca6f22) Importer(815301076,1909f56bfc062723c751e8b465ee728b)  -> (artifact id: '92230ddb090e566612aa5826fe1598ae') in 0.018624 seconds
Number of updated asset objects reloaded before import = 0
Number of asset objects unloaded after import = 2
========================================================================
Received Import Request.
  Time since last request: 0.414787 seconds.
  path: Assets/Materials/textures/деталь 2/Metal_Corrugated_Shiny.jpg
  artifactKey: Guid(563c7a5b575464343a8affa221a4c137) Importer(815301076,1909f56bfc062723c751e8b465ee728b)
Start importing Assets/Materials/textures/деталь 2/Metal_Corrugated_Shiny.jpg using Guid(563c7a5b575464343a8affa221a4c137) Importer(815301076,1909f56bfc062723c751e8b465ee728b)  -> (artifact id: '03828daea3d844ec8c0a8e66ac6eb4b8') in 0.006452 seconds
Number of updated asset objects reloaded before import = 0
Number of asset objects unloaded after import = 2
========================================================================
Received Import Request.
  Time since last request: 0.000017 seconds.
  path: Assets/Materials/генератор/Metal_Embossed.jpg
  artifactKey: Guid(cf22ee19aa50be945bdb4b8a36bb9175) Importer(815301076,1909f56bfc062723c751e8b465ee728b)
Start importing Assets/Materials/генератор/Metal_Embossed.jpg using Guid(cf22ee19aa50be945bdb4b8a36bb9175) Importer(815301076,1909f56bfc062723c751e8b465ee728b)  -> (artifact id: 'dabc7e45712a2969ef3b23cf12687538') in 0.023745 seconds
Number of updated asset objects reloaded before import = 0
Number of asset objects unloaded after import = 2
========================================================================
Received Import Request.
  Time since last request: 0.000016 seconds.
  path: Assets/Materials/textures/Генератор/Metal_Embossed.jpg
  artifactKey: Guid(2722929631e52ca4497a32556af7d8f6) Importer(815301076,1909f56bfc062723c751e8b465ee728b)
Start importing Assets/Materials/textures/Генератор/Metal_Embossed.jpg using Guid(2722929631e52ca4497a32556af7d8f6) Importer(815301076,1909f56bfc062723c751e8b465ee728b)  -> (artifact id: 'eb7d727814ff571e32877a91eddf5e18') in 0.026910 seconds
Number of updated asset objects reloaded before import = 0
Number of asset objects unloaded after import = 2
========================================================================
Received Import Request.
  Time since last request: 0.000022 seconds.
  path: Assets/Materials/Детали космического корабля/2/деталь 2/Metal_Rusted.jpg
  artifactKey: Guid(be4cf642ef42a9846b55e1017b2a74cf) Importer(815301076,1909f56bfc062723c751e8b465ee728b)
Start importing Assets/Materials/Детали космического корабля/2/деталь 2/Metal_Rusted.jpg using Guid(be4cf642ef42a9846b55e1017b2a74cf) Importer(815301076,1909f56bfc062723c751e8b465ee728b)  -> (artifact id: 'dec55d98a7881da3f9d8e8c8be63019c') in 0.023808 seconds
Number of updated asset objects reloaded before import = 0
Number of asset objects unloaded after import = 2
========================================================================
Received Import Request.
  Time since last request: 0.585824 seconds.
  path: Assets/Materials/textures/Лист металла/Metal_Rusted.jpg
  artifactKey: Guid(cb889201d6e103c4c9a6e296df421ebe) Importer(815301076,1909f56bfc062723c751e8b465ee728b)
Start importing Assets/Materials/textures/Лист металла/Metal_Rusted.jpg using Guid(cb889201d6e103c4c9a6e296df421ebe) Importer(815301076,1909f56bfc062723c751e8b465ee728b)  -> (artifact id: '421f95669acf7ec25cad54c547514b53') in 0.049321 seconds
Number of updated asset objects reloaded before import = 0
Number of asset objects unloaded after import = 2
========================================================================
Received Import Request.
  Time since last request: 0.000022 seconds.
  path: Assets/Materials/textures/Сундук/Metal_Seamed.jpg
  artifactKey: Guid(67d96d463a3aead409aeeace664e73cb) Importer(815301076,1909f56bfc062723c751e8b465ee728b)
Start importing Assets/Materials/textures/Сундук/Metal_Seamed.jpg using Guid(67d96d463a3aead409aeeace664e73cb) Importer(815301076,1909f56bfc062723c751e8b465ee728b)  -> (artifact id: '36115fa2e2c2900b72a68d5b6c3bddb9') in 0.050078 seconds
Number of updated asset objects reloaded before import = 0
Number of asset objects unloaded after import = 2
========================================================================
Received Import Request.
  Time since last request: 0.000079 seconds.
  path: Assets/Materials/textures/Прибор для улучшения семян/Metal_Seamed.jpg
  artifactKey: Guid(ec629ce2fa4c09b4b84ff950dcb9fff1) Importer(815301076,1909f56bfc062723c751e8b465ee728b)
Start importing Assets/Materials/textures/Прибор для улучшения семян/Metal_Seamed.jpg using Guid(ec629ce2fa4c09b4b84ff950dcb9fff1) Importer(815301076,1909f56bfc062723c751e8b465ee728b)  -> (artifact id: '12360de443927c49784318d1fb9ebb52') in 0.026570 seconds
Number of updated asset objects reloaded before import = 0
Number of asset objects unloaded after import = 2
========================================================================
Received Import Request.
  Time since last request: 0.000019 seconds.
  path: Assets/Materials/Сундук/Metal_Seamed.jpg
  artifactKey: Guid(a8e18af3ffc5fb740b1c3e84a1233682) Importer(815301076,1909f56bfc062723c751e8b465ee728b)
Start importing Assets/Materials/Сундук/Metal_Seamed.jpg using Guid(a8e18af3ffc5fb740b1c3e84a1233682) Importer(815301076,1909f56bfc062723c751e8b465ee728b)  -> (artifact id: 'd6f7598d655b61032177826722303bc7') in 0.025507 seconds
Number of updated asset objects reloaded before import = 0
Number of asset objects unloaded after import = 2
========================================================================
Received Import Request.
  Time since last request: 0.066569 seconds.
  path: Assets/TextMesh Pro/Examples & Extras/Resources/Fonts & Materials/Oswald Bold SDF.asset
  artifactKey: Guid(33e8916ddfcb84f42af046334d1171cc) Importer(815301076,1909f56bfc062723c751e8b465ee728b)
Start importing Assets/TextMesh Pro/Examples & Extras/Resources/Fonts & Materials/Oswald Bold SDF.asset using Guid(33e8916ddfcb84f42af046334d1171cc) Importer(815301076,1909f56bfc062723c751e8b465ee728b)  -> (artifact id: 'ef1626756f50054759531ec08269c001') in 0.080917 seconds
Number of updated asset objects reloaded before import = 0
Number of asset objects unloaded after import = 4
========================================================================
Received Import Request.
  Time since last request: 0.000026 seconds.
  path: Assets/Materials/Иконки крафта/PNG UDUS.png
  artifactKey: Guid(15f2a2694099bb24f93ef9b44663333b) Importer(815301076,1909f56bfc062723c751e8b465ee728b)
Start importing Assets/Materials/Иконки крафта/PNG UDUS.png using Guid(15f2a2694099bb24f93ef9b44663333b) Importer(815301076,1909f56bfc062723c751e8b465ee728b)  -> (artifact id: '91eb63d59f123536103653adbd13b734') in 0.038591 seconds
Number of updated asset objects reloaded before import = 0
Number of asset objects unloaded after import = 2
========================================================================
Received Import Request.
  Time since last request: 0.000023 seconds.
  path: Assets/UnityAssets/Data/Sci-fi_assets/Sci-Fi Old rusty props PBR/Data/Textures/Props_02/Props_02_Paint_Material _27_Normal.png
  artifactKey: Guid(942b29e82b3cd2e48a0e62a8f9da94bf) Importer(815301076,1909f56bfc062723c751e8b465ee728b)
Start importing Assets/UnityAssets/Data/Sci-fi_assets/Sci-Fi Old rusty props PBR/Data/Textures/Props_02/Props_02_Paint_Material _27_Normal.png using Guid(942b29e82b3cd2e48a0e62a8f9da94bf) Importer(815301076,1909f56bfc062723c751e8b465ee728b)  -> (artifact id: 'd6196704cca7f248029acc8d2df66ac5') in 0.027186 seconds
Number of updated asset objects reloaded before import = 0
Number of asset objects unloaded after import = 2
========================================================================
Received Import Request.
  Time since last request: 0.000127 seconds.
  path: Assets/Enviroment/Textures/Rock/Overlay/RockOverlay_BaseMap.png
  artifactKey: Guid(eb3509e72b334bf469209f1680305999) Importer(815301076,1909f56bfc062723c751e8b465ee728b)
Start importing Assets/Enviroment/Textures/Rock/Overlay/RockOverlay_BaseMap.png using Guid(eb3509e72b334bf469209f1680305999) Importer(815301076,1909f56bfc062723c751e8b465ee728b)  -> (artifact id: 'b7b912b31df4a54e834bb8a9e2cc3139') in 0.031911 seconds
Number of updated asset objects reloaded before import = 0
Number of asset objects unloaded after import = 2
========================================================================
Received Import Request.
  Time since last request: 0.000024 seconds.
  path: Assets/UnityAssets/Honeti/FlatScifiGUI/Textures/Panels/Separator.png
  artifactKey: Guid(ed95254836e44cd4eb17bd5bab7c9d04) Importer(815301076,1909f56bfc062723c751e8b465ee728b)
Start importing Assets/UnityAssets/Honeti/FlatScifiGUI/Textures/Panels/Separator.png using Guid(ed95254836e44cd4eb17bd5bab7c9d04) Importer(815301076,1909f56bfc062723c751e8b465ee728b)  -> (artifact id: '03017a3f8200c34a2dbb069ea7f37c7a') in 0.030697 seconds
Number of updated asset objects reloaded before import = 0
Number of asset objects unloaded after import = 3
========================================================================
Received Import Request.
  Time since last request: 0.000043 seconds.
  path: Assets/Materials/Иконки крафта/PNG LABAROTORIYA.png
  artifactKey: Guid(a538fc3c2486c0347b40c50133c361b5) Importer(815301076,1909f56bfc062723c751e8b465ee728b)
Start importing Assets/Materials/Иконки крафта/PNG LABAROTORIYA.png using Guid(a538fc3c2486c0347b40c50133c361b5) Importer(815301076,1909f56bfc062723c751e8b465ee728b)  -> (artifact id: 'da64e01c16678d1d5e036212f693e8ef') in 0.044452 seconds
Number of updated asset objects reloaded before import = 0
Number of asset objects unloaded after import = 2
========================================================================
Received Import Request.
  Time since last request: 0.000036 seconds.
  path: Assets/UnityAssets/Data/Sci-fi_assets/Sci-Fi Old rusty props PBR/Data/Textures/Props/Props_01_Gameready_Material _27_AlbedoTransparency.png
  artifactKey: Guid(82afbe91cf86d3845a1afa70dab11a1c) Importer(815301076,1909f56bfc062723c751e8b465ee728b)
Start importing Assets/UnityAssets/Data/Sci-fi_assets/Sci-Fi Old rusty props PBR/Data/Textures/Props/Props_01_Gameready_Material _27_AlbedoTransparency.png using Guid(82afbe91cf86d3845a1afa70dab11a1c) Importer(815301076,1909f56bfc062723c751e8b465ee728b)  -> (artifact id: '7c722f92c2544ca6f6472d854c171699') in 0.074145 seconds
Number of updated asset objects reloaded before import = 0
Number of asset objects unloaded after import = 2
========================================================================
Received Import Request.
  Time since last request: 0.000015 seconds.
  path: Assets/Materials/Иконки крафта/PNG PASEKA.png
  artifactKey: Guid(55918837406097d43ba00498a2df1f97) Importer(815301076,1909f56bfc062723c751e8b465ee728b)
Start importing Assets/Materials/Иконки крафта/PNG PASEKA.png using Guid(55918837406097d43ba00498a2df1f97) Importer(815301076,1909f56bfc062723c751e8b465ee728b)  -> (artifact id: '2a15611eeba18172611378976384629b') in 0.057205 seconds
Number of updated asset objects reloaded before import = 0
Number of asset objects unloaded after import = 3
========================================================================
Received Import Request.
  Time since last request: 0.000080 seconds.
  path: Assets/Enviroment/Textures/Rock/Rock_A_MaskMap.png
  artifactKey: Guid(e9e2f12cace9e134e98f5e5aa5fcb468) Importer(815301076,1909f56bfc062723c751e8b465ee728b)
Start importing Assets/Enviroment/Textures/Rock/Rock_A_MaskMap.png using Guid(e9e2f12cace9e134e98f5e5aa5fcb468) Importer(815301076,1909f56bfc062723c751e8b465ee728b)  -> (artifact id: 'dce8bb5255606b1a0ebe6b33089afb79') in 0.167309 seconds
Number of updated asset objects reloaded before import = 0
Number of asset objects unloaded after import = 2
========================================================================
Received Import Request.
  Time since last request: 0.000031 seconds.
  path: Assets/Enviroment/Textures/Rock/Rock_A_BaseMap.png
  artifactKey: Guid(f62ecbeb99bf83648bb652b45f57f7b9) Importer(815301076,1909f56bfc062723c751e8b465ee728b)
Start importing Assets/Enviroment/Textures/Rock/Rock_A_BaseMap.png using Guid(f62ecbeb99bf83648bb652b45f57f7b9) Importer(815301076,1909f56bfc062723c751e8b465ee728b)  -> (artifact id: '4b1d30214d6c3695150063cf3d46bd07') in 0.200743 seconds
Number of updated asset objects reloaded before import = 0
Number of asset objects unloaded after import = 2
========================================================================
Received Import Request.
  Time since last request: 0.000019 seconds.
  path: Assets/Materials/Иконки крафта/PNG PRINTER.png
  artifactKey: Guid(767cd78003e14f941bc5d656ccd9c5ad) Importer(815301076,1909f56bfc062723c751e8b465ee728b)
Start importing Assets/Materials/Иконки крафта/PNG PRINTER.png using Guid(767cd78003e14f941bc5d656ccd9c5ad) Importer(815301076,1909f56bfc062723c751e8b465ee728b)  -> (artifact id: '24eaada5b06abc45ac1fb8f84ca41eda') in 0.059747 seconds
Number of updated asset objects reloaded before import = 0
Number of asset objects unloaded after import = 2
========================================================================
Received Import Request.
  Time since last request: 0.000024 seconds.
  path: Assets/UnityAssets/Data/Sci-fi_assets/Sci-Fi Old rusty props PBR/Data/Textures/Props/Props_01_Gameready_Material _27_MetallicSmoothness.png
  artifactKey: Guid(8501aed667539f440b802471abcd05eb) Importer(815301076,1909f56bfc062723c751e8b465ee728b)
Start importing Assets/UnityAssets/Data/Sci-fi_assets/Sci-Fi Old rusty props PBR/Data/Textures/Props/Props_01_Gameready_Material _27_MetallicSmoothness.png using Guid(8501aed667539f440b802471abcd05eb) Importer(815301076,1909f56bfc062723c751e8b465ee728b)  -> (artifact id: 'c9748838bae3aba3cd7f6798daa85606') in 0.031638 seconds
Number of updated asset objects reloaded before import = 0
Number of asset objects unloaded after import = 2
========================================================================
Received Import Request.
  Time since last request: 0.000034 seconds.
  path: Assets/UnityAssets/Data/Sci-fi_assets/Sci-Fi Old rusty props PBR/Data/Textures/Props_02/Props_02_Paint_Material _27_Emission.png
  artifactKey: Guid(139fc64a0f1b86c45a2be46d3493172f) Importer(815301076,1909f56bfc062723c751e8b465ee728b)
Start importing Assets/UnityAssets/Data/Sci-fi_assets/Sci-Fi Old rusty props PBR/Data/Textures/Props_02/Props_02_Paint_Material _27_Emission.png using Guid(139fc64a0f1b86c45a2be46d3493172f) Importer(815301076,1909f56bfc062723c751e8b465ee728b)  -> (artifact id: '2932d230c5c06e91df7c3dfdbb66ba05') in 0.028453 seconds
Number of updated asset objects reloaded before import = 0
Number of asset objects unloaded after import = 2
========================================================================
Received Import Request.
  Time since last request: 1.220503 seconds.
  path: Assets/UnityAssets/Honeti/FlatScifiGUI/Textures/Panels/SlantedBar.png
  artifactKey: Guid(2824515d5f7d9dd44ba114c8a814c443) Importer(815301076,1909f56bfc062723c751e8b465ee728b)
Start importing Assets/UnityAssets/Honeti/FlatScifiGUI/Textures/Panels/SlantedBar.png using Guid(2824515d5f7d9dd44ba114c8a814c443) Importer(815301076,1909f56bfc062723c751e8b465ee728b)  -> (artifact id: 'fa68e8ca829c22422f444a9c795cb9b1') in 0.036395 seconds
Number of updated asset objects reloaded before import = 0
Number of asset objects unloaded after import = 3
========================================================================
Received Import Request.
  Time since last request: 0.000023 seconds.
  path: Assets/Enviroment/Terrain/Demo Terrain.asset
  artifactKey: Guid(e3bfdf65ee20a90419d8480fe164ba2f) Importer(815301076,1909f56bfc062723c751e8b465ee728b)
Start importing Assets/Enviroment/Terrain/Demo Terrain.asset using Guid(e3bfdf65ee20a90419d8480fe164ba2f) Importer(815301076,1909f56bfc062723c751e8b465ee728b)  -> (artifact id: '0298b186c594eb091b287446df60a996') in 0.037184 seconds
Number of updated asset objects reloaded before import = 0
Number of asset objects unloaded after import = 3
========================================================================
Received Import Request.
  Time since last request: 0.000016 seconds.
  path: Assets/UnityAssets/Honeti/FlatScifiGUI/Textures/Panels/SlantedBarSmallRight2.png
  artifactKey: Guid(2eafebb3c50123d4b99a0053d231aa17) Importer(815301076,1909f56bfc062723c751e8b465ee728b)
Start importing Assets/UnityAssets/Honeti/FlatScifiGUI/Textures/Panels/SlantedBarSmallRight2.png using Guid(2eafebb3c50123d4b99a0053d231aa17) Importer(815301076,1909f56bfc062723c751e8b465ee728b)  -> (artifact id: 'de4707066bafdc1b97831d18556f5bbd') in 0.025301 seconds
Number of updated asset objects reloaded before import = 0
Number of asset objects unloaded after import = 3
========================================================================
Received Import Request.
  Time since last request: 0.000023 seconds.
  path: Assets/Materials/textures/Прибор для улучшения семян/Steel_Brushed_Stainless.jpg
  artifactKey: Guid(0feaef3bcc71e11409b99d68a0e6ef1c) Importer(815301076,1909f56bfc062723c751e8b465ee728b)
Start importing Assets/Materials/textures/Прибор для улучшения семян/Steel_Brushed_Stainless.jpg using Guid(0feaef3bcc71e11409b99d68a0e6ef1c) Importer(815301076,1909f56bfc062723c751e8b465ee728b)  -> (artifact id: '517fe5633d719becff86acee9aa4ead8') in 0.022108 seconds
Number of updated asset objects reloaded before import = 0
Number of asset objects unloaded after import = 2
========================================================================
Received Import Request.
  Time since last request: 0.000016 seconds.
  path: Assets/UnityAssets/Vefects/Free Fire VFX/Textures/T_VFX_Dust_01.tga
  artifactKey: Guid(cd946dcaa5face64fb135a09e293d277) Importer(815301076,1909f56bfc062723c751e8b465ee728b)
Start importing Assets/UnityAssets/Vefects/Free Fire VFX/Textures/T_VFX_Dust_01.tga using Guid(cd946dcaa5face64fb135a09e293d277) Importer(815301076,1909f56bfc062723c751e8b465ee728b)  -> (artifact id: '50ed652bacea70bfe3df07fa4ff4e1c5') in 0.019885 seconds
Number of updated asset objects reloaded before import = 0
Number of asset objects unloaded after import = 2
========================================================================
Received Import Request.
  Time since last request: 0.000022 seconds.
  path: Assets/UnityAssets/ScifiOfficeLite/Meshes/Textures/Environment/Table texture set/Table Set Glass/Table Glass_Height.png
  artifactKey: Guid(d5777b1e62429574fa6f523ce668e052) Importer(815301076,1909f56bfc062723c751e8b465ee728b)
Start importing Assets/UnityAssets/ScifiOfficeLite/Meshes/Textures/Environment/Table texture set/Table Set Glass/Table Glass_Height.png using Guid(d5777b1e62429574fa6f523ce668e052) Importer(815301076,1909f56bfc062723c751e8b465ee728b)  -> (artifact id: '724f93334843d493e66faa645a81e453') in 0.021302 seconds
Number of updated asset objects reloaded before import = 0
Number of asset objects unloaded after import = 2
========================================================================
Received Import Request.
  Time since last request: 0.000020 seconds.
  path: Assets/UnityAssets/ScifiOfficeLite/Meshes/Textures/Environment/Table texture set/Table Texture Set 4/Table texture set 4_Maskmap.png
  artifactKey: Guid(d3ad94fc5aded3a4c89c3071f437fa5d) Importer(815301076,1909f56bfc062723c751e8b465ee728b)
Start importing Assets/UnityAssets/ScifiOfficeLite/Meshes/Textures/Environment/Table texture set/Table Texture Set 4/Table texture set 4_Maskmap.png using Guid(d3ad94fc5aded3a4c89c3071f437fa5d) Importer(815301076,1909f56bfc062723c751e8b465ee728b)  -> (artifact id: '029c02aec02435f9dcac605f1ff3ed06') in 0.033308 seconds
Number of updated asset objects reloaded before import = 0
Number of asset objects unloaded after import = 2
========================================================================
Received Import Request.
  Time since last request: 0.000024 seconds.
  path: Assets/UnityAssets/ScifiOfficeLite/Meshes/Textures/Environment/Table texture set/Table Texture set 3/Table texture set 3_Diffuse.png
  artifactKey: Guid(428be05d34abfe54a8c051a2c09f3619) Importer(815301076,1909f56bfc062723c751e8b465ee728b)
Start importing Assets/UnityAssets/ScifiOfficeLite/Meshes/Textures/Environment/Table texture set/Table Texture set 3/Table texture set 3_Diffuse.png using Guid(428be05d34abfe54a8c051a2c09f3619) Importer(815301076,1909f56bfc062723c751e8b465ee728b)  -> (artifact id: '1f454ed69cfcdc5f6595652354d8ceac') in 0.027125 seconds
Number of updated asset objects reloaded before import = 0
Number of asset objects unloaded after import = 2
========================================================================
Received Import Request.
  Time since last request: 0.000027 seconds.
  path: Assets/UnityAssets/ScifiOfficeLite/Meshes/Textures/Environment/Table texture set/Table Texture set 1/Table texture set 1_Diffuse.png
  artifactKey: Guid(1b42c5ebe64ae0547a8a4bc2dfa26f68) Importer(815301076,1909f56bfc062723c751e8b465ee728b)
Start importing Assets/UnityAssets/ScifiOfficeLite/Meshes/Textures/Environment/Table texture set/Table Texture set 1/Table texture set 1_Diffuse.png using Guid(1b42c5ebe64ae0547a8a4bc2dfa26f68) Importer(815301076,1909f56bfc062723c751e8b465ee728b)  -> (artifact id: '2c1c3ccac9eaf7881a0675edce20ac9c') in 0.030231 seconds
Number of updated asset objects reloaded before import = 0
Number of asset objects unloaded after import = 2
========================================================================
Received Import Request.
  Time since last request: 0.000449 seconds.
  path: Assets/UnityAssets/Vefects/Free Fire VFX/Textures/T_VFX_Fire_Mask_01.tga
  artifactKey: Guid(1c39f37a030014c4abc1e00881d7f68f) Importer(815301076,1909f56bfc062723c751e8b465ee728b)
Start importing Assets/UnityAssets/Vefects/Free Fire VFX/Textures/T_VFX_Fire_Mask_01.tga using Guid(1c39f37a030014c4abc1e00881d7f68f) Importer(815301076,1909f56bfc062723c751e8b465ee728b)  -> (artifact id: '4d70c840fa3dc1df4053d6ee47ee7c06') in 0.022539 seconds
Number of updated asset objects reloaded before import = 0
Number of asset objects unloaded after import = 2
========================================================================
Received Import Request.
  Time since last request: 0.000022 seconds.
  path: Assets/UnityAssets/Vefects/Free Fire VFX/Textures/T_VFX_Smoke_01.tga
  artifactKey: Guid(ce5c2d0c89125f04084fbd404c9291c7) Importer(815301076,1909f56bfc062723c751e8b465ee728b)
Start importing Assets/UnityAssets/Vefects/Free Fire VFX/Textures/T_VFX_Smoke_01.tga using Guid(ce5c2d0c89125f04084fbd404c9291c7) Importer(815301076,1909f56bfc062723c751e8b465ee728b)  -> (artifact id: 'b84ec5b01281a7ad32c20c52f210dc5d') in 0.020591 seconds
Number of updated asset objects reloaded before import = 0
Number of asset objects unloaded after import = 2
========================================================================
Received Import Request.
  Time since last request: 0.000015 seconds.
  path: Assets/UnityAssets/ScifiOfficeLite/Meshes/Textures/Environment/Table texture set/Table Texture set 1/Table texture set 1_Maskmap.png
  artifactKey: Guid(73bd44cb9023e4e43b95f96f01d472b0) Importer(815301076,1909f56bfc062723c751e8b465ee728b)
Start importing Assets/UnityAssets/ScifiOfficeLite/Meshes/Textures/Environment/Table texture set/Table Texture set 1/Table texture set 1_Maskmap.png using Guid(73bd44cb9023e4e43b95f96f01d472b0) Importer(815301076,1909f56bfc062723c751e8b465ee728b)  -> (artifact id: 'af0cb6a2406eb8deb34f7e01f74c7389') in 0.037326 seconds
Number of updated asset objects reloaded before import = 0
Number of asset objects unloaded after import = 2
========================================================================
Received Import Request.
  Time since last request: 0.000021 seconds.
  path: Assets/UnityAssets/ScifiOfficeLite/Meshes/Textures/Environment/Table texture set/Table Set Glass/Table Glass_Maskmap.png
  artifactKey: Guid(52a1a9adada4ee2478177240b01d4d12) Importer(815301076,1909f56bfc062723c751e8b465ee728b)
Start importing Assets/UnityAssets/ScifiOfficeLite/Meshes/Textures/Environment/Table texture set/Table Set Glass/Table Glass_Maskmap.png using Guid(52a1a9adada4ee2478177240b01d4d12) Importer(815301076,1909f56bfc062723c751e8b465ee728b)  -> (artifact id: 'ec091622cbf2e65290b3173c06342dcb') in 0.035420 seconds
Number of updated asset objects reloaded before import = 0
Number of asset objects unloaded after import = 2
========================================================================
Received Import Request.
  Time since last request: 0.181298 seconds.
  path: Assets/UnityAssets/ScifiOfficeLite/Meshes/Textures/Environment/Techware/Techware_Maskmap.png
  artifactKey: Guid(05f51dc479b48f6459a012c634a449a0) Importer(815301076,1909f56bfc062723c751e8b465ee728b)
Start importing Assets/UnityAssets/ScifiOfficeLite/Meshes/Textures/Environment/Techware/Techware_Maskmap.png using Guid(05f51dc479b48f6459a012c634a449a0) Importer(815301076,1909f56bfc062723c751e8b465ee728b)  -> (artifact id: 'daf2703dcafeaddb31fcfa279423e5dd') in 0.034666 seconds
Number of updated asset objects reloaded before import = 0
Number of asset objects unloaded after import = 2
========================================================================
Received Import Request.
  Time since last request: 0.919939 seconds.
  path: Assets/UnityAssets/Honeti/FlatScifiGUI/Textures/Panels/TitleBar.png
  artifactKey: Guid(636d0bc1b55d88a4898fb57e5a7ef148) Importer(815301076,1909f56bfc062723c751e8b465ee728b)
Start importing Assets/UnityAssets/Honeti/FlatScifiGUI/Textures/Panels/TitleBar.png using Guid(636d0bc1b55d88a4898fb57e5a7ef148) Importer(815301076,1909f56bfc062723c751e8b465ee728b)  -> (artifact id: 'd3212443f728d07dc7fa345054777744') in 0.028452 seconds
Number of updated asset objects reloaded before import = 0
Number of asset objects unloaded after import = 3
========================================================================
Received Import Request.
  Time since last request: 0.000025 seconds.
  path: Assets/UnityAssets/Data/Sci-fi_assets/Sci-Fi Old rusty props PBR/Data/Textures/Base/Tutorial_base_Gameready_Material _25_AlbedoTransparency.png
  artifactKey: Guid(ed5eee7fbce9c3d4a8c21bdbc111aa49) Importer(815301076,1909f56bfc062723c751e8b465ee728b)
Start importing Assets/UnityAssets/Data/Sci-fi_assets/Sci-Fi Old rusty props PBR/Data/Textures/Base/Tutorial_base_Gameready_Material _25_AlbedoTransparency.png using Guid(ed5eee7fbce9c3d4a8c21bdbc111aa49) Importer(815301076,1909f56bfc062723c751e8b465ee728b)  -> (artifact id: 'ff4e59f60c0bdf7a75b837986ea07ade') in 0.050368 seconds
Number of updated asset objects reloaded before import = 0
Number of asset objects unloaded after import = 2
========================================================================
Received Import Request.
  Time since last request: 0.000017 seconds.
  path: Assets/UnityAssets/Data/Sci-fi_assets/Sci-Fi Old rusty props PBR/Data/Textures/Base/Tutorial_base_Gameready_Material _25_MetallicSmoothness.png
  artifactKey: Guid(b2d75aafb404b664c8573f5a4c067157) Importer(815301076,1909f56bfc062723c751e8b465ee728b)
Start importing Assets/UnityAssets/Data/Sci-fi_assets/Sci-Fi Old rusty props PBR/Data/Textures/Base/Tutorial_base_Gameready_Material _25_MetallicSmoothness.png using Guid(b2d75aafb404b664c8573f5a4c067157) Importer(815301076,1909f56bfc062723c751e8b465ee728b)  -> (artifact id: '058036a8642c3fe2e0cd4fe739df1b3e') in 0.057146 seconds
Number of updated asset objects reloaded before import = 0
Number of asset objects unloaded after import = 2
========================================================================
Received Import Request.
  Time since last request: 25.432372 seconds.
  path: Assets/UnityAssets/ScifiOfficeLite/Meshes/Textures/Environment/Table texture set/Vase/vase_grey_AlbedoTransparency.png
  artifactKey: Guid(f5983fce40514a744bf90c9a4cbdfab5) Importer(815301076,1909f56bfc062723c751e8b465ee728b)
Start importing Assets/UnityAssets/ScifiOfficeLite/Meshes/Textures/Environment/Table texture set/Vase/vase_grey_AlbedoTransparency.png using Guid(f5983fce40514a744bf90c9a4cbdfab5) Importer(815301076,1909f56bfc062723c751e8b465ee728b)  -> (artifact id: 'b47a1786eb736888609637c41834560e') in 0.025146 seconds
Number of updated asset objects reloaded before import = 0
Number of asset objects unloaded after import = 2
========================================================================
Received Import Request.
  Time since last request: 0.000039 seconds.
  path: Assets/UnityAssets/ScifiOfficeLite/Meshes/Textures/Environment/Wall texture/wall set 1/Wall multiset_Height.png
  artifactKey: Guid(5fd74c36cc1c439458fb45767b20a36d) Importer(815301076,1909f56bfc062723c751e8b465ee728b)
Start importing Assets/UnityAssets/ScifiOfficeLite/Meshes/Textures/Environment/Wall texture/wall set 1/Wall multiset_Height.png using Guid(5fd74c36cc1c439458fb45767b20a36d) Importer(815301076,1909f56bfc062723c751e8b465ee728b)  -> (artifact id: '3c782cde1e5a904d88e5d82094c89347') in 0.055181 seconds
Number of updated asset objects reloaded before import = 0
Number of asset objects unloaded after import = 2
========================================================================
Received Import Request.
  Time since last request: 0.000037 seconds.
  path: Assets/UnityAssets/_Creepy_Cat/_3D Scifi Kit Vol 4/Textures/Wall_Atlas_01_Norm.png
  artifactKey: Guid(283154988bb610d49b4dd7a14ce9e5ec) Importer(815301076,1909f56bfc062723c751e8b465ee728b)
Start importing Assets/UnityAssets/_Creepy_Cat/_3D Scifi Kit Vol 4/Textures/Wall_Atlas_01_Norm.png using Guid(283154988bb610d49b4dd7a14ce9e5ec) Importer(815301076,1909f56bfc062723c751e8b465ee728b)  -> (artifact id: '32a3e3d74e95b5de48199478c9f1c523') in 0.644395 seconds
Number of updated asset objects reloaded before import = 0
Number of asset objects unloaded after import = 2
========================================================================
Received Import Request.
  Time since last request: 0.000041 seconds.
  path: Assets/UnityAssets/ScifiOfficeLite/Meshes/Textures/Environment/Wall texture/wall set 1/Wall multiset_Diffuse.png
  artifactKey: Guid(512b915f03ab75543a4daa1c71b7a8e4) Importer(815301076,1909f56bfc062723c751e8b465ee728b)
Start importing Assets/UnityAssets/ScifiOfficeLite/Meshes/Textures/Environment/Wall texture/wall set 1/Wall multiset_Diffuse.png using Guid(512b915f03ab75543a4daa1c71b7a8e4) Importer(815301076,1909f56bfc062723c751e8b465ee728b)  -> (artifact id: '6d34675fc5d19fe63f426fad3137fb67') in 0.231120 seconds
Number of updated asset objects reloaded before import = 0
Number of asset objects unloaded after import = 2
Editor requested this worker to shutdown with reason: Scaling down because of idle timeout
TcpMessagingSession - receive error: operation aborted. errorcode: 995, details: �������� �����/������ ���� �������� ��-�� ���������� ������ ������ ��� �� ������� ����������.
AssetImportWorker is now disconnected from the server
Process exiting
Exiting without the bug reporter. Application will terminate with return code 0